[2025-08-08 16:18:07] [INFO    ] [efx_ipmgr.api_v2] [JSON_DECODER-DONE] Decoding done
[2025-08-08 16:18:07] [INFO    ] [gui.api_wrapper] [GET_LIST_OF_IPS-BEGIN] Getting list of IPs...
[2025-08-08 16:18:07] [INFO    ] [gui.api_wrapper] [GET_LIST_OF_IPS-DONE] List of IPs obtained. Vlnv list of ips successfully loaded
[2025-08-08 16:18:07] [INFO    ] [efx_ipmgr.api_v2] [JSON_DECODER-DONE] Decoding done
[2025-08-08 16:18:08] [INFO    ] [gui.api_wrapper] [GET_LIST_OF_IPS-BEGIN] Getting list of IPs...
[2025-08-08 16:18:08] [INFO    ] [gui.api_wrapper] [GET_LIST_OF_IPS-DONE] List of IPs obtained. Vlnv list of ips successfully loaded
[2025-08-08 16:18:08] [INFO    ] [efx_ipmgr.api_v2] [JSON_DECODER-DONE] Decoding done
[2025-08-08 16:18:08] [INFO    ] [gui.api_wrapper] [GET_LIST_OF_IPS-BEGIN] Getting list of IPs...
[2025-08-08 16:18:08] [INFO    ] [gui.api_wrapper] [GET_LIST_OF_IPS-DONE] List of IPs obtained. Vlnv list of ips successfully loaded
[2025-08-08 16:18:08] [INFO    ] [efx_ipmgr.api_v2] [JSON_DECODER-DONE] Decoding done
[2025-08-08 16:18:08] [INFO    ] [gui.api_wrapper] [GET_LIST_OF_IPS-BEGIN] Getting list of IPs...
[2025-08-08 16:18:08] [INFO    ] [gui.api_wrapper] [GET_LIST_OF_IPS-DONE] List of IPs obtained. Vlnv list of ips successfully loaded
[2025-08-08 16:44:35] [INFO    ] [efx_ipmgr.api_v2] [JSON_DECODER-DONE] Decoding done
[2025-08-08 16:44:35] [INFO    ] [gui.api_wrapper] [GET_LIST_OF_IPS-BEGIN] Getting list of IPs...
[2025-08-08 16:44:35] [INFO    ] [gui.api_wrapper] [GET_LIST_OF_IPS-DONE] List of IPs obtained. Vlnv list of ips successfully loaded
[2025-08-08 16:44:35] [INFO    ] [efx_ipmgr.api_v2] [JSON_DECODER-DONE] Decoding done
[2025-08-08 16:44:36] [INFO    ] [gui.api_wrapper] [GET_LIST_OF_IPS-BEGIN] Getting list of IPs...
[2025-08-08 16:44:36] [INFO    ] [gui.api_wrapper] [GET_LIST_OF_IPS-DONE] List of IPs obtained. Vlnv list of ips successfully loaded
[2025-08-08 16:48:40] [INFO    ] [efx_ipmgr.api_v2] [JSON_DECODER-DONE] Decoding done
[2025-08-08 16:48:40] [INFO    ] [gui.api_wrapper] [GET_LIST_OF_IPS-BEGIN] Getting list of IPs...
[2025-08-08 16:48:40] [INFO    ] [gui.api_wrapper] [GET_LIST_OF_IPS-DONE] List of IPs obtained. Vlnv list of ips successfully loaded
[2025-08-08 16:48:40] [INFO    ] [efx_ipmgr.api_v2] [JSON_DECODER-DONE] Decoding done
[2025-08-08 16:48:40] [INFO    ] [gui.api_wrapper] [GET_LIST_OF_IPS-BEGIN] Getting list of IPs...
[2025-08-08 16:48:40] [INFO    ] [gui.api_wrapper] [GET_LIST_OF_IPS-DONE] List of IPs obtained. Vlnv list of ips successfully loaded
[2025-08-08 20:21:16] [INFO    ] [efx_ipmgr.api_v2] [JSON_DECODER-DONE] Decoding done
[2025-08-08 20:21:16] [INFO    ] [gui.api_wrapper] [GET_LIST_OF_IPS-BEGIN] Getting list of IPs...
[2025-08-08 20:21:16] [INFO    ] [gui.api_wrapper] [GET_LIST_OF_IPS-DONE] List of IPs obtained. Vlnv list of ips successfully loaded
[2025-08-08 20:21:16] [INFO    ] [efx_ipmgr.api_v2] [JSON_DECODER-DONE] Decoding done
[2025-08-08 20:21:16] [INFO    ] [gui.api_wrapper] [GET_LIST_OF_IPS-BEGIN] Getting list of IPs...
[2025-08-08 20:21:16] [INFO    ] [gui.api_wrapper] [GET_LIST_OF_IPS-DONE] List of IPs obtained. Vlnv list of ips successfully loaded
[2025-08-08 20:36:43] [INFO    ] [efx_ipmgr.api_v2] [JSON_DECODER-DONE] Decoding done
[2025-08-08 20:36:43] [INFO    ] [gui.api_wrapper] [GET_LIST_OF_IPS-BEGIN] Getting list of IPs...
[2025-08-08 20:36:43] [INFO    ] [gui.api_wrapper] [GET_LIST_OF_IPS-DONE] List of IPs obtained. Vlnv list of ips successfully loaded
[2025-08-08 20:36:43] [INFO    ] [efx_ipmgr.api_v2] [JSON_DECODER-DONE] Decoding done
[2025-08-08 20:36:43] [INFO    ] [gui.api_wrapper] [GET_LIST_OF_IPS-BEGIN] Getting list of IPs...
[2025-08-08 20:36:43] [INFO    ] [gui.api_wrapper] [GET_LIST_OF_IPS-DONE] List of IPs obtained. Vlnv list of ips successfully loaded
[2025-08-08 20:47:14] [INFO    ] [efx_ipmgr.api_v2] [JSON_DECODER-DONE] Decoding done
[2025-08-08 20:47:14] [INFO    ] [gui.api_wrapper] [GET_LIST_OF_IPS-BEGIN] Getting list of IPs...
[2025-08-08 20:47:14] [INFO    ] [gui.api_wrapper] [GET_LIST_OF_IPS-DONE] List of IPs obtained. Vlnv list of ips successfully loaded
[2025-08-08 20:47:14] [INFO    ] [efx_ipmgr.api_v2] [JSON_DECODER-DONE] Decoding done
[2025-08-08 20:47:14] [INFO    ] [gui.api_wrapper] [GET_LIST_OF_IPS-BEGIN] Getting list of IPs...
[2025-08-08 20:47:14] [INFO    ] [gui.api_wrapper] [GET_LIST_OF_IPS-DONE] List of IPs obtained. Vlnv list of ips successfully loaded
[2025-08-08 20:48:48] [INFO    ] [efx_ipmgr.api_v2] [JSON_DECODER-DONE] Decoding done
[2025-08-08 20:48:49] [INFO    ] [gui.api_wrapper] [GET_LIST_OF_IPS-BEGIN] Getting list of IPs...
[2025-08-08 20:48:49] [INFO    ] [gui.api_wrapper] [GET_LIST_OF_IPS-DONE] List of IPs obtained. Vlnv list of ips successfully loaded
[2025-08-08 20:48:49] [INFO    ] [efx_ipmgr.api_v2] [JSON_DECODER-DONE] Decoding done
[2025-08-08 20:48:49] [INFO    ] [gui.api_wrapper] [GET_LIST_OF_IPS-BEGIN] Getting list of IPs...
[2025-08-08 20:48:49] [INFO    ] [gui.api_wrapper] [GET_LIST_OF_IPS-DONE] List of IPs obtained. Vlnv list of ips successfully loaded
[2025-08-08 21:18:15] [INFO    ] [gui.api_wrapper] [GET_IP_DOCUMENTATION-BEGIN] Getting IP documentation...
[2025-08-08 21:18:15] [INFO    ] [efx_ipmgr.api_v2] [GET_IP_DOCUMENTATION] IP Documentation Link: file://${IP_LIBRARY_ROOT}/efx_soc/efx_soc/ipm/doc/topics/hlp-sapphire-soc.html
[2025-08-08 21:18:15] [INFO    ] [efx_ipmgr.api_v2] [GET_IP_DOCUMENTATION] Resolved ip documentation uri: /home/olle/efinix/efinity/2025.1/ipm/ip/efx_soc/efx_soc/ipm/doc/topics/hlp-sapphire-soc.html
[2025-08-08 21:18:15] [INFO    ] [gui.api_wrapper] [GET_IP_DOCUMENTATION-DONE] IP documentation location successfully loaded
[2025-08-08 21:20:31] [INFO    ] [efx_ipmgr.api_v2] [JSON_DECODER-DONE] Decoding done
[2025-08-08 21:20:31] [INFO    ] [gui.api_wrapper] [GET_LIST_OF_IPS-BEGIN] Getting list of IPs...
[2025-08-08 21:20:31] [INFO    ] [gui.api_wrapper] [GET_LIST_OF_IPS-DONE] List of IPs obtained. Vlnv list of ips successfully loaded
[2025-08-08 21:20:31] [INFO    ] [efx_ipmgr.api_v2] [JSON_DECODER-DONE] Decoding done
[2025-08-08 21:20:31] [INFO    ] [gui.api_wrapper] [GET_LIST_OF_IPS-BEGIN] Getting list of IPs...
[2025-08-08 21:20:31] [INFO    ] [gui.api_wrapper] [GET_LIST_OF_IPS-DONE] List of IPs obtained. Vlnv list of ips successfully loaded
[2025-08-08 21:39:56] [INFO    ] [efx_ipmgr.api_v2] [JSON_DECODER-DONE] Decoding done
[2025-08-08 21:39:57] [INFO    ] [gui.api_wrapper] [GET_LIST_OF_IPS-BEGIN] Getting list of IPs...
[2025-08-08 21:39:57] [INFO    ] [gui.api_wrapper] [GET_LIST_OF_IPS-DONE] List of IPs obtained. Vlnv list of ips successfully loaded
[2025-08-08 21:39:57] [INFO    ] [efx_ipmgr.api_v2] [JSON_DECODER-DONE] Decoding done
[2025-08-08 21:39:57] [INFO    ] [gui.api_wrapper] [GET_LIST_OF_IPS-BEGIN] Getting list of IPs...
[2025-08-08 21:39:57] [INFO    ] [gui.api_wrapper] [GET_LIST_OF_IPS-DONE] List of IPs obtained. Vlnv list of ips successfully loaded
[2025-08-08 21:41:42] [INFO    ] [efx_ipmgr.api_v2] [JSON_DECODER-DONE] Decoding done
[2025-08-08 21:41:42] [INFO    ] [gui.api_wrapper] [GET_LIST_OF_IPS-BEGIN] Getting list of IPs...
[2025-08-08 21:41:42] [INFO    ] [gui.api_wrapper] [GET_LIST_OF_IPS-DONE] List of IPs obtained. Vlnv list of ips successfully loaded
[2025-08-08 21:41:42] [INFO    ] [efx_ipmgr.api_v2] [JSON_DECODER-DONE] Decoding done
[2025-08-08 21:41:43] [INFO    ] [gui.api_wrapper] [GET_LIST_OF_IPS-BEGIN] Getting list of IPs...
[2025-08-08 21:41:43] [INFO    ] [gui.api_wrapper] [GET_LIST_OF_IPS-DONE] List of IPs obtained. Vlnv list of ips successfully loaded
[2025-08-08 21:53:03] [INFO    ] [efx_ipmgr.api_v2] [JSON_DECODER-DONE] Decoding done
[2025-08-08 21:53:04] [INFO    ] [gui.api_wrapper] [GET_LIST_OF_IPS-BEGIN] Getting list of IPs...
[2025-08-08 21:53:04] [INFO    ] [gui.api_wrapper] [GET_LIST_OF_IPS-DONE] List of IPs obtained. Vlnv list of ips successfully loaded
[2025-08-08 21:53:04] [INFO    ] [efx_ipmgr.api_v2] [JSON_DECODER-DONE] Decoding done
[2025-08-08 21:53:04] [INFO    ] [gui.api_wrapper] [GET_LIST_OF_IPS-BEGIN] Getting list of IPs...
[2025-08-08 21:53:04] [INFO    ] [gui.api_wrapper] [GET_LIST_OF_IPS-DONE] List of IPs obtained. Vlnv list of ips successfully loaded
[2025-08-08 21:55:49] [INFO    ] [efx_ipmgr.api_v2] [JSON_DECODER-DONE] Decoding done
[2025-08-08 21:55:50] [INFO    ] [gui.api_wrapper] [GET_LIST_OF_IPS-BEGIN] Getting list of IPs...
[2025-08-08 21:55:50] [INFO    ] [gui.api_wrapper] [GET_LIST_OF_IPS-DONE] List of IPs obtained. Vlnv list of ips successfully loaded
[2025-08-08 21:55:50] [INFO    ] [efx_ipmgr.api_v2] [JSON_DECODER-DONE] Decoding done
[2025-08-08 21:55:50] [INFO    ] [gui.api_wrapper] [GET_LIST_OF_IPS-BEGIN] Getting list of IPs...
[2025-08-08 21:55:50] [INFO    ] [gui.api_wrapper] [GET_LIST_OF_IPS-DONE] List of IPs obtained. Vlnv list of ips successfully loaded
