
///////////////////////////////////
// Efinity Synthesis Started 
// Aug 08, 2025 19:59:33
///////////////////////////////////


///////////////////////////////////
// Efinity Synthesis Started 
// Aug 08, 2025 19:59:54
///////////////////////////////////


///////////////////////////////////
// Efinity Synthesis Started 
// Aug 08, 2025 20:06:08
///////////////////////////////////


///////////////////////////////////
// Efinity Synthesis Started 
// Aug 08, 2025 20:06:30
///////////////////////////////////


///////////////////////////////////
// Efinity Synthesis Started 
// Aug 08, 2025 21:23:54
///////////////////////////////////


///////////////////////////////////
// Efinity Synthesis Started 
// Aug 08, 2025 21:24:15
///////////////////////////////////


///////////////////////////////////
// Efinity Synthesis Started 
// Aug 08, 2025 21:42:31
///////////////////////////////////


///////////////////////////////////
// Efinity Synthesis Started 
// Aug 08, 2025 21:42:53
///////////////////////////////////


///////////////////////////////////
// Efinity Synthesis Started 
// Aug 08, 2025 21:45:28
///////////////////////////////////


///////////////////////////////////
// Efinity Synthesis Started 
// Aug 08, 2025 21:45:49
///////////////////////////////////


///////////////////////////////////
// Efinity Synthesis Started 
// Aug 08, 2025 21:56:42
///////////////////////////////////


///////////////////////////////////
// Efinity Synthesis Started 
// Aug 08, 2025 21:57:03
///////////////////////////////////


///////////////////////////////////
// Efinity Synthesis Started 
// Aug 08, 2025 21:59:10
///////////////////////////////////


///////////////////////////////////
// Efinity Synthesis Started 
// Aug 08, 2025 21:59:31
///////////////////////////////////


///////////////////////////////////
// Efinity Synthesis Started 
// Aug 08, 2025 22:04:20
///////////////////////////////////


///////////////////////////////////
// Efinity Synthesis Started 
// Aug 08, 2025 22:04:42
///////////////////////////////////


///////////////////////////////////
// Efinity Synthesis Started 
// Aug 08, 2025 22:21:52
///////////////////////////////////


///////////////////////////////////
// Efinity Synthesis Started 
// Aug 08, 2025 22:22:14
///////////////////////////////////


///////////////////////////////////
// Efinity Synthesis Started 
// Aug 08, 2025 22:25:09
///////////////////////////////////


///////////////////////////////////
// Efinity Synthesis Started 
// Aug 08, 2025 22:25:31
///////////////////////////////////


///////////////////////////////////
// Efinity Synthesis Started 
// Aug 08, 2025 22:27:10
///////////////////////////////////


///////////////////////////////////
// Efinity Synthesis Started 
// Aug 08, 2025 22:27:31
///////////////////////////////////


///////////////////////////////////
// Efinity Synthesis Started 
// Aug 08, 2025 22:49:44
///////////////////////////////////


///////////////////////////////////
// Efinity Synthesis Started 
// Aug 08, 2025 22:50:05
///////////////////////////////////


///////////////////////////////////
// Efinity Synthesis Started 
// Aug 08, 2025 22:51:48
///////////////////////////////////


///////////////////////////////////
// Efinity Synthesis Started 
// Aug 08, 2025 22:52:09
///////////////////////////////////


///////////////////////////////////
// Efinity Synthesis Started 
// Aug 08, 2025 23:06:39
///////////////////////////////////


///////////////////////////////////
// Efinity Synthesis Started 
// Aug 08, 2025 23:07:00
///////////////////////////////////


///////////////////////////////////
// Efinity Synthesis Started 
// Aug 09, 2025 12:31:37
///////////////////////////////////


///////////////////////////////////
// Efinity Synthesis Started 
// Aug 09, 2025 12:31:58
///////////////////////////////////


///////////////////////////////////
// Efinity Synthesis Started 
// Aug 09, 2025 12:37:55
///////////////////////////////////


///////////////////////////////////
// Efinity Synthesis Started 
// Aug 09, 2025 12:38:17
///////////////////////////////////


///////////////////////////////////
// Efinity Synthesis Started 
// Aug 09, 2025 13:22:11
///////////////////////////////////


///////////////////////////////////
// Efinity Synthesis Started 
// Aug 09, 2025 13:22:37
///////////////////////////////////


///////////////////////////////////
// Efinity Synthesis Started 
// Aug 09, 2025 17:51:10
///////////////////////////////////


///////////////////////////////////
// Efinity Synthesis Started 
// Aug 09, 2025 17:51:35
///////////////////////////////////


///////////////////////////////////
// Efinity Synthesis Started 
// Aug 09, 2025 20:58:20
///////////////////////////////////


///////////////////////////////////
// Efinity Synthesis Started 
// Aug 09, 2025 20:58:45
///////////////////////////////////


///////////////////////////////////
// Efinity Synthesis Started 
// Aug 09, 2025 21:10:33
///////////////////////////////////


///////////////////////////////////
// Efinity Synthesis Started 
// Aug 09, 2025 21:10:59
///////////////////////////////////


///////////////////////////////////
// Efinity Synthesis Started 
// Aug 09, 2025 21:27:16
///////////////////////////////////


///////////////////////////////////
// Efinity Synthesis Started 
// Aug 09, 2025 21:27:41
///////////////////////////////////


///////////////////////////////////
// Efinity Synthesis Started 
// Aug 09, 2025 22:40:26
///////////////////////////////////


///////////////////////////////////
// Efinity Synthesis Started 
// Aug 09, 2025 22:40:51
///////////////////////////////////


///////////////////////////////////
// Efinity Synthesis Started 
// Aug 09, 2025 22:43:16
///////////////////////////////////


///////////////////////////////////
// Efinity Synthesis Started 
// Aug 09, 2025 22:43:42
///////////////////////////////////


///////////////////////////////////
// Efinity Synthesis Started 
// Aug 09, 2025 23:10:01
///////////////////////////////////


///////////////////////////////////
// Efinity Synthesis Started 
// Aug 09, 2025 23:10:27
///////////////////////////////////


///////////////////////////////////
// Efinity Synthesis Started 
// Aug 10, 2025 12:29:52
///////////////////////////////////


///////////////////////////////////
// Efinity Synthesis Started 
// Aug 10, 2025 12:30:18
///////////////////////////////////


///////////////////////////////////
// Efinity Synthesis Started 
// Aug 10, 2025 13:45:06
///////////////////////////////////


///////////////////////////////////
// Efinity Synthesis Started 
// Aug 10, 2025 13:45:32
///////////////////////////////////


///////////////////////////////////
// Efinity Synthesis Started 
// Aug 10, 2025 16:47:38
///////////////////////////////////


///////////////////////////////////
// Efinity Synthesis Started 
// Aug 10, 2025 16:48:04
///////////////////////////////////


///////////////////////////////////
// Efinity Synthesis Started 
// Aug 10, 2025 17:06:20
///////////////////////////////////


///////////////////////////////////
// Efinity Synthesis Started 
// Aug 10, 2025 17:06:46
///////////////////////////////////


///////////////////////////////////
// Efinity Synthesis Started 
// Aug 10, 2025 17:13:05
///////////////////////////////////


///////////////////////////////////
// Efinity Synthesis Started 
// Aug 10, 2025 17:13:31
///////////////////////////////////


///////////////////////////////////
// Efinity Synthesis Started 
// Aug 10, 2025 17:19:37
///////////////////////////////////


///////////////////////////////////
// Efinity Synthesis Started 
// Aug 10, 2025 17:20:02
///////////////////////////////////


///////////////////////////////////
// Efinity Synthesis Started 
// Aug 10, 2025 17:37:19
///////////////////////////////////


///////////////////////////////////
// Efinity Synthesis Started 
// Aug 10, 2025 17:37:45
///////////////////////////////////


///////////////////////////////////
// Efinity Synthesis Started 
// Aug 10, 2025 17:45:27
///////////////////////////////////


///////////////////////////////////
// Efinity Synthesis Started 
// Aug 10, 2025 17:45:53
///////////////////////////////////


///////////////////////////////////
// Efinity Synthesis Started 
// Aug 10, 2025 17:52:03
///////////////////////////////////


///////////////////////////////////
// Efinity Synthesis Started 
// Aug 10, 2025 17:52:28
///////////////////////////////////


///////////////////////////////////
// Efinity Synthesis Started 
// Aug 10, 2025 18:15:31
///////////////////////////////////


///////////////////////////////////
// Efinity Synthesis Started 
// Aug 10, 2025 18:15:56
///////////////////////////////////


///////////////////////////////////
// Efinity Synthesis Started 
// Aug 10, 2025 18:46:18
///////////////////////////////////


///////////////////////////////////
// Efinity Synthesis Started 
// Aug 10, 2025 18:46:43
///////////////////////////////////


///////////////////////////////////
// Efinity Synthesis Started 
// Aug 10, 2025 19:03:50
///////////////////////////////////


///////////////////////////////////
// Efinity Synthesis Started 
// Aug 10, 2025 19:04:14
///////////////////////////////////


///////////////////////////////////
// Efinity Synthesis Started 
// Aug 10, 2025 21:53:52
///////////////////////////////////


///////////////////////////////////
// Efinity Synthesis Started 
// Aug 10, 2025 21:54:15
///////////////////////////////////


///////////////////////////////////
// Efinity Synthesis Started 
// Aug 11, 2025 18:49:17
///////////////////////////////////


///////////////////////////////////
// Efinity Synthesis Started 
// Aug 11, 2025 18:49:41
///////////////////////////////////


///////////////////////////////////
// Efinity Synthesis Started 
// Aug 11, 2025 19:16:03
///////////////////////////////////


///////////////////////////////////
// Efinity Synthesis Started 
// Aug 11, 2025 19:16:27
///////////////////////////////////


///////////////////////////////////
// Efinity Synthesis Started 
// Aug 11, 2025 19:30:31
///////////////////////////////////


///////////////////////////////////
// Efinity Synthesis Started 
// Aug 11, 2025 19:31:22
///////////////////////////////////


///////////////////////////////////
// Efinity Synthesis Started 
// Aug 11, 2025 19:31:48
///////////////////////////////////


///////////////////////////////////
// Efinity Synthesis Started 
// Aug 11, 2025 19:58:32
///////////////////////////////////


///////////////////////////////////
// Efinity Synthesis Started 
// Aug 11, 2025 19:59:05
///////////////////////////////////


///////////////////////////////////
// Efinity Synthesis Started 
// Aug 11, 2025 20:44:12
///////////////////////////////////


///////////////////////////////////
// Efinity Synthesis Started 
// Aug 11, 2025 20:44:46
///////////////////////////////////


///////////////////////////////////
// Efinity Synthesis Started 
// Aug 11, 2025 21:15:17
///////////////////////////////////


///////////////////////////////////
// Efinity Synthesis Started 
// Aug 11, 2025 21:15:51
///////////////////////////////////


///////////////////////////////////
// Efinity Synthesis Started 
// Aug 11, 2025 21:34:52
///////////////////////////////////


///////////////////////////////////
// Efinity Synthesis Started 
// Aug 11, 2025 21:35:25
///////////////////////////////////


///////////////////////////////////
// Efinity Synthesis Started 
// Aug 11, 2025 21:39:54
///////////////////////////////////


///////////////////////////////////
// Efinity Synthesis Started 
// Aug 11, 2025 21:40:26
///////////////////////////////////


///////////////////////////////////
// Efinity Synthesis Started 
// Aug 11, 2025 21:55:49
///////////////////////////////////


///////////////////////////////////
// Efinity Synthesis Started 
// Aug 11, 2025 21:56:22
///////////////////////////////////


///////////////////////////////////
// Efinity Synthesis Started 
// Aug 11, 2025 21:58:32
///////////////////////////////////


///////////////////////////////////
// Efinity Synthesis Started 
// Aug 11, 2025 21:59:05
///////////////////////////////////


///////////////////////////////////
// Efinity Synthesis Started 
// Aug 12, 2025 20:14:57
///////////////////////////////////


///////////////////////////////////
// Efinity Synthesis Started 
// Aug 12, 2025 20:15:30
///////////////////////////////////

[EFX-0210 ERROR] No top design.

///////////////////////////////////
// Efinity Synthesis Started 
// Aug 12, 2025 20:20:26
///////////////////////////////////


///////////////////////////////////
// Efinity Synthesis Started 
// Aug 12, 2025 20:20:58
///////////////////////////////////

[EFX-0210 ERROR] No top design.

///////////////////////////////////
// Efinity Synthesis Started 
// Aug 12, 2025 20:24:02
///////////////////////////////////


///////////////////////////////////
// Efinity Synthesis Started 
// Aug 12, 2025 20:24:24
///////////////////////////////////


///////////////////////////////////
// Efinity Synthesis Started 
// Aug 13, 2025 20:06:31
///////////////////////////////////


///////////////////////////////////
// Efinity Synthesis Started 
// Aug 13, 2025 20:06:58
///////////////////////////////////

[EFX-0210 ERROR] No top design.

///////////////////////////////////
// Efinity Synthesis Started 
// Aug 13, 2025 20:29:59
///////////////////////////////////


///////////////////////////////////
// Efinity Synthesis Started 
// Aug 13, 2025 20:30:27
///////////////////////////////////

[EFX-0210 ERROR] No top design.

///////////////////////////////////
// Efinity Synthesis Started 
// Aug 13, 2025 22:33:27
///////////////////////////////////


///////////////////////////////////
// Efinity Synthesis Started 
// Aug 13, 2025 22:33:54
///////////////////////////////////

[EFX-0210 ERROR] No top design.

///////////////////////////////////
// Efinity Synthesis Started 
// Aug 13, 2025 22:37:19
///////////////////////////////////


///////////////////////////////////
// Efinity Synthesis Started 
// Aug 13, 2025 22:37:58
///////////////////////////////////


///////////////////////////////////
// Efinity Synthesis Started 
// Aug 13, 2025 22:43:47
///////////////////////////////////


///////////////////////////////////
// Efinity Synthesis Started 
// Aug 13, 2025 22:44:26
///////////////////////////////////

[EFX-0210 ERROR] No top design.

///////////////////////////////////
// Efinity Synthesis Started 
// Aug 14, 2025 19:53:22
///////////////////////////////////


///////////////////////////////////
// Efinity Synthesis Started 
// Aug 14, 2025 19:53:54
///////////////////////////////////

[EFX-0210 ERROR] No top design.

///////////////////////////////////
// Efinity Synthesis Started 
// Aug 14, 2025 19:55:28
///////////////////////////////////


///////////////////////////////////
// Efinity Synthesis Started 
// Aug 14, 2025 19:55:51
///////////////////////////////////


///////////////////////////////////
// Efinity Synthesis Started 
// Aug 14, 2025 21:52:26
///////////////////////////////////


///////////////////////////////////
// Efinity Synthesis Started 
// Aug 14, 2025 21:52:49
///////////////////////////////////


///////////////////////////////////
// Efinity Synthesis Started 
// Aug 14, 2025 21:58:23
///////////////////////////////////


///////////////////////////////////
// Efinity Synthesis Started 
// Aug 14, 2025 21:59:14
///////////////////////////////////


///////////////////////////////////
// Efinity Synthesis Started 
// Aug 14, 2025 22:26:35
///////////////////////////////////


///////////////////////////////////
// Efinity Synthesis Started 
// Aug 14, 2025 22:27:14
///////////////////////////////////


///////////////////////////////////
// Efinity Synthesis Started 
// Aug 15, 2025 19:59:11
///////////////////////////////////


///////////////////////////////////
// Efinity Synthesis Started 
// Aug 15, 2025 19:59:50
///////////////////////////////////


///////////////////////////////////
// Efinity Synthesis Started 
// Aug 15, 2025 20:09:54
///////////////////////////////////


///////////////////////////////////
// Efinity Synthesis Started 
// Aug 15, 2025 20:10:35
///////////////////////////////////


///////////////////////////////////
// Efinity Synthesis Started 
// Aug 15, 2025 20:27:33
///////////////////////////////////


///////////////////////////////////
// Efinity Synthesis Started 
// Aug 15, 2025 20:28:13
///////////////////////////////////


///////////////////////////////////
// Efinity Synthesis Started 
// Aug 15, 2025 21:29:04
///////////////////////////////////


///////////////////////////////////
// Efinity Synthesis Started 
// Aug 15, 2025 21:29:44
///////////////////////////////////

[EFX-0210 ERROR] No top design.

///////////////////////////////////
// Efinity Synthesis Started 
// Aug 15, 2025 21:31:23
///////////////////////////////////


///////////////////////////////////
// Efinity Synthesis Started 
// Aug 15, 2025 21:32:03
///////////////////////////////////


///////////////////////////////////
// Efinity Synthesis Started 
// Aug 16, 2025 08:23:00
///////////////////////////////////


///////////////////////////////////
// Efinity Synthesis Started 
// Aug 16, 2025 08:23:39
///////////////////////////////////


///////////////////////////////////
// Efinity Synthesis Started 
// Aug 16, 2025 08:28:56
///////////////////////////////////


///////////////////////////////////
// Efinity Synthesis Started 
// Aug 16, 2025 08:29:37
///////////////////////////////////


///////////////////////////////////
// Efinity Synthesis Started 
// Aug 16, 2025 09:26:30
///////////////////////////////////


///////////////////////////////////
// Efinity Synthesis Started 
// Aug 16, 2025 09:27:15
///////////////////////////////////


///////////////////////////////////
// Efinity Synthesis Started 
// Aug 16, 2025 10:40:18
///////////////////////////////////


///////////////////////////////////
// Efinity Synthesis Started 
// Aug 16, 2025 10:40:47
///////////////////////////////////


///////////////////////////////////
// Efinity Synthesis Started 
// Aug 16, 2025 11:05:12
///////////////////////////////////


///////////////////////////////////
// Efinity Synthesis Started 
// Aug 16, 2025 11:05:41
///////////////////////////////////


///////////////////////////////////
// Efinity Synthesis Started 
// Aug 16, 2025 17:43:09
///////////////////////////////////


///////////////////////////////////
// Efinity Synthesis Started 
// Aug 16, 2025 17:43:38
///////////////////////////////////


///////////////////////////////////
// Efinity Synthesis Started 
// Aug 17, 2025 20:13:23
///////////////////////////////////


///////////////////////////////////
// Efinity Synthesis Started 
// Aug 17, 2025 20:13:51
///////////////////////////////////


///////////////////////////////////
// Efinity Synthesis Started 
// Aug 17, 2025 20:26:49
///////////////////////////////////


///////////////////////////////////
// Efinity Synthesis Started 
// Aug 17, 2025 20:27:18
///////////////////////////////////


///////////////////////////////////
// Efinity Synthesis Started 
// Aug 17, 2025 20:48:28
///////////////////////////////////


///////////////////////////////////
// Efinity Synthesis Started 
// Aug 17, 2025 20:48:57
///////////////////////////////////

[EFX-0210 ERROR] No top design.

///////////////////////////////////
// Efinity Synthesis Started 
// Aug 17, 2025 20:49:39
///////////////////////////////////


///////////////////////////////////
// Efinity Synthesis Started 
// Aug 17, 2025 20:50:10
///////////////////////////////////


///////////////////////////////////
// Efinity Synthesis Started 
// Aug 19, 2025 19:50:33
///////////////////////////////////


///////////////////////////////////
// Efinity Synthesis Started 
// Aug 19, 2025 19:51:02
///////////////////////////////////


///////////////////////////////////
// Efinity Synthesis Started 
// Aug 19, 2025 19:59:30
///////////////////////////////////


///////////////////////////////////
// Efinity Synthesis Started 
// Aug 19, 2025 19:59:59
///////////////////////////////////


///////////////////////////////////
// Efinity Synthesis Started 
// Aug 19, 2025 20:12:25
///////////////////////////////////


///////////////////////////////////
// Efinity Synthesis Started 
// Aug 19, 2025 20:12:54
///////////////////////////////////


///////////////////////////////////
// Efinity Synthesis Started 
// Aug 19, 2025 20:21:58
///////////////////////////////////


///////////////////////////////////
// Efinity Synthesis Started 
// Aug 19, 2025 20:22:27
///////////////////////////////////


///////////////////////////////////
// Efinity Synthesis Started 
// Aug 19, 2025 20:25:11
///////////////////////////////////


///////////////////////////////////
// Efinity Synthesis Started 
// Aug 19, 2025 20:25:43
///////////////////////////////////


///////////////////////////////////
// Efinity Synthesis Started 
// Aug 19, 2025 20:52:43
///////////////////////////////////


///////////////////////////////////
// Efinity Synthesis Started 
// Aug 19, 2025 20:53:15
///////////////////////////////////


///////////////////////////////////
// Efinity Synthesis Started 
// Aug 20, 2025 06:48:39
///////////////////////////////////


///////////////////////////////////
// Efinity Synthesis Started 
// Aug 20, 2025 06:49:11
///////////////////////////////////

[EFX-0210 ERROR] No top design.

///////////////////////////////////
// Efinity Synthesis Started 
// Aug 20, 2025 06:50:25
///////////////////////////////////


///////////////////////////////////
// Efinity Synthesis Started 
// Aug 20, 2025 06:50:49
///////////////////////////////////


///////////////////////////////////
// Efinity Synthesis Started 
// Aug 20, 2025 19:40:40
///////////////////////////////////


///////////////////////////////////
// Efinity Synthesis Started 
// Aug 20, 2025 19:41:04
///////////////////////////////////

[EFX-0210 ERROR] No top design.

///////////////////////////////////
// Efinity Synthesis Started 
// Aug 20, 2025 19:42:34
///////////////////////////////////


///////////////////////////////////
// Efinity Synthesis Started 
// Aug 20, 2025 19:43:05
///////////////////////////////////


///////////////////////////////////
// Efinity Synthesis Started 
// Aug 20, 2025 20:21:02
///////////////////////////////////


///////////////////////////////////
// Efinity Synthesis Started 
// Aug 20, 2025 20:21:33
///////////////////////////////////


///////////////////////////////////
// Efinity Synthesis Started 
// Aug 20, 2025 20:29:24
///////////////////////////////////


///////////////////////////////////
// Efinity Synthesis Started 
// Aug 20, 2025 20:29:56
///////////////////////////////////


///////////////////////////////////
// Efinity Synthesis Started 
// Aug 20, 2025 20:49:46
///////////////////////////////////


///////////////////////////////////
// Efinity Synthesis Started 
// Aug 20, 2025 20:50:19
///////////////////////////////////


///////////////////////////////////
// Efinity Synthesis Started 
// Aug 20, 2025 21:30:30
///////////////////////////////////


///////////////////////////////////
// Efinity Synthesis Started 
// Aug 20, 2025 21:31:02
///////////////////////////////////

[EFX-0210 ERROR] No top design.

///////////////////////////////////
// Efinity Synthesis Started 
// Aug 20, 2025 21:31:43
///////////////////////////////////


///////////////////////////////////
// Efinity Synthesis Started 
// Aug 20, 2025 21:32:13
///////////////////////////////////


///////////////////////////////////
// Efinity Synthesis Started 
// Aug 22, 2025 20:50:21
///////////////////////////////////


///////////////////////////////////
// Efinity Synthesis Started 
// Aug 22, 2025 20:50:57
///////////////////////////////////


///////////////////////////////////
// Efinity Synthesis Started 
// Aug 22, 2025 21:17:34
///////////////////////////////////


///////////////////////////////////
// Efinity Synthesis Started 
// Aug 22, 2025 21:18:11
///////////////////////////////////


///////////////////////////////////
// Efinity Synthesis Started 
// Aug 23, 2025 11:17:11
///////////////////////////////////


///////////////////////////////////
// Efinity Synthesis Started 
// Aug 23, 2025 11:17:40
///////////////////////////////////

[EFX-0210 ERROR] No top design.

///////////////////////////////////
// Efinity Synthesis Started 
// Aug 23, 2025 11:18:00
///////////////////////////////////


///////////////////////////////////
// Efinity Synthesis Started 
// Aug 23, 2025 11:18:27
///////////////////////////////////


///////////////////////////////////
// Efinity Synthesis Started 
// Aug 23, 2025 12:04:49
///////////////////////////////////


///////////////////////////////////
// Efinity Synthesis Started 
// Aug 23, 2025 12:05:17
///////////////////////////////////


///////////////////////////////////
// Efinity Synthesis Started 
// Aug 26, 2025 19:04:02
///////////////////////////////////


///////////////////////////////////
// Efinity Synthesis Started 
// Aug 26, 2025 19:04:30
///////////////////////////////////

[EFX-0210 ERROR] No top design.

///////////////////////////////////
// Efinity Synthesis Started 
// Aug 26, 2025 19:05:25
///////////////////////////////////


///////////////////////////////////
// Efinity Synthesis Started 
// Aug 26, 2025 19:05:46
///////////////////////////////////


///////////////////////////////////
// Efinity Synthesis Started 
// Aug 27, 2025 19:09:13
///////////////////////////////////


///////////////////////////////////
// Efinity Synthesis Started 
// Aug 27, 2025 19:09:35
///////////////////////////////////


///////////////////////////////////
// Efinity Synthesis Started 
// Aug 27, 2025 19:31:00
///////////////////////////////////


///////////////////////////////////
// Efinity Synthesis Started 
// Aug 27, 2025 19:31:21
///////////////////////////////////


///////////////////////////////////
// Efinity Synthesis Started 
// Aug 27, 2025 19:33:34
///////////////////////////////////


///////////////////////////////////
// Efinity Synthesis Started 
// Aug 27, 2025 19:34:30
///////////////////////////////////

[EFX-0377 ERROR] Clock port 'CLK' of instance 'edb_top_inst/la2/la_resetn_p1~FF' is constant. (/home/olle/efinity_p2/BRAM/work_dbg/debug_top.v:4248)

///////////////////////////////////
// Efinity Synthesis Started 
// Aug 27, 2025 20:48:48
///////////////////////////////////


///////////////////////////////////
// Efinity Synthesis Started 
// Aug 27, 2025 20:49:45
///////////////////////////////////

[EFX-0377 ERROR] Clock port 'CLK' of instance 'edb_top_inst/la2/la_resetn_p1~FF' is constant. (/home/olle/efinity_p2/BRAM/work_dbg/debug_top.v:4248)

///////////////////////////////////
// Efinity Synthesis Started 
// Aug 27, 2025 20:51:45
///////////////////////////////////


///////////////////////////////////
// Efinity Synthesis Started 
// Aug 27, 2025 20:52:41
///////////////////////////////////

[EFX-0377 ERROR] Clock port 'CLK' of instance 'edb_top_inst/la2/la_resetn_p1~FF' is constant. (/home/olle/efinity_p2/BRAM/work_dbg/debug_top.v:4248)

///////////////////////////////////
// Efinity Synthesis Started 
// Aug 27, 2025 20:56:17
///////////////////////////////////


///////////////////////////////////
// Efinity Synthesis Started 
// Aug 27, 2025 20:56:57
///////////////////////////////////


///////////////////////////////////
// Efinity Synthesis Started 
// Aug 29, 2025 20:10:17
///////////////////////////////////


///////////////////////////////////
// Efinity Synthesis Started 
// Aug 29, 2025 20:10:57
///////////////////////////////////


///////////////////////////////////
// Efinity Synthesis Started 
// Aug 29, 2025 20:28:38
///////////////////////////////////


///////////////////////////////////
// Efinity Synthesis Started 
// Aug 29, 2025 20:29:19
///////////////////////////////////


///////////////////////////////////
// Efinity Synthesis Started 
// Aug 29, 2025 22:04:56
///////////////////////////////////


///////////////////////////////////
// Efinity Synthesis Started 
// Aug 29, 2025 22:05:36
///////////////////////////////////


///////////////////////////////////
// Efinity Synthesis Started 
// Aug 29, 2025 22:09:38
///////////////////////////////////


///////////////////////////////////
// Efinity Synthesis Started 
// Aug 29, 2025 22:10:18
///////////////////////////////////


///////////////////////////////////
// Efinity Synthesis Started 
// Aug 29, 2025 22:14:48
///////////////////////////////////


///////////////////////////////////
// Efinity Synthesis Started 
// Aug 29, 2025 22:15:17
///////////////////////////////////


///////////////////////////////////
// Efinity Synthesis Started 
// Aug 29, 2025 23:37:29
///////////////////////////////////


///////////////////////////////////
// Efinity Synthesis Started 
// Aug 29, 2025 23:37:58
///////////////////////////////////


///////////////////////////////////
// Efinity Synthesis Started 
// Aug 29, 2025 23:47:13
///////////////////////////////////


///////////////////////////////////
// Efinity Synthesis Started 
// Aug 29, 2025 23:47:42
///////////////////////////////////


///////////////////////////////////
// Efinity Synthesis Started 
// Aug 29, 2025 23:53:24
///////////////////////////////////


///////////////////////////////////
// Efinity Synthesis Started 
// Aug 29, 2025 23:53:53
///////////////////////////////////


///////////////////////////////////
// Efinity Synthesis Started 
// Aug 30, 2025 09:32:03
///////////////////////////////////


///////////////////////////////////
// Efinity Synthesis Started 
// Aug 30, 2025 09:32:32
///////////////////////////////////


///////////////////////////////////
// Efinity Synthesis Started 
// Aug 30, 2025 09:47:12
///////////////////////////////////


///////////////////////////////////
// Efinity Synthesis Started 
// Aug 30, 2025 09:47:40
///////////////////////////////////

[EFX-0210 ERROR] No top design.

///////////////////////////////////
// Efinity Synthesis Started 
// Aug 30, 2025 10:39:39
///////////////////////////////////


///////////////////////////////////
// Efinity Synthesis Started 
// Aug 30, 2025 10:40:05
///////////////////////////////////


///////////////////////////////////
// Efinity Synthesis Started 
// Aug 30, 2025 10:56:10
///////////////////////////////////


///////////////////////////////////
// Efinity Synthesis Started 
// Aug 30, 2025 10:56:35
///////////////////////////////////


///////////////////////////////////
// Efinity Synthesis Started 
// Aug 30, 2025 11:21:10
///////////////////////////////////


///////////////////////////////////
// Efinity Synthesis Started 
// Aug 30, 2025 11:21:35
///////////////////////////////////


///////////////////////////////////
// Efinity Synthesis Started 
// Aug 30, 2025 11:33:27
///////////////////////////////////


///////////////////////////////////
// Efinity Synthesis Started 
// Aug 30, 2025 11:33:52
///////////////////////////////////


///////////////////////////////////
// Efinity Synthesis Started 
// Aug 30, 2025 12:19:36
///////////////////////////////////


///////////////////////////////////
// Efinity Synthesis Started 
// Aug 30, 2025 12:20:01
///////////////////////////////////


///////////////////////////////////
// Efinity Synthesis Started 
// Aug 30, 2025 12:50:09
///////////////////////////////////


///////////////////////////////////
// Efinity Synthesis Started 
// Aug 30, 2025 12:50:39
///////////////////////////////////


///////////////////////////////////
// Efinity Synthesis Started 
// Aug 30, 2025 12:58:45
///////////////////////////////////


///////////////////////////////////
// Efinity Synthesis Started 
// Aug 30, 2025 12:59:14
///////////////////////////////////


///////////////////////////////////
// Efinity Synthesis Started 
// Aug 30, 2025 13:38:59
///////////////////////////////////


///////////////////////////////////
// Efinity Synthesis Started 
// Aug 30, 2025 13:39:45
///////////////////////////////////


///////////////////////////////////
// Efinity Synthesis Started 
// Aug 30, 2025 13:47:47
///////////////////////////////////


///////////////////////////////////
// Efinity Synthesis Started 
// Aug 30, 2025 13:48:33
///////////////////////////////////


///////////////////////////////////
// Efinity Synthesis Started 
// Aug 30, 2025 13:56:16
///////////////////////////////////


///////////////////////////////////
// Efinity Synthesis Started 
// Aug 30, 2025 13:57:02
///////////////////////////////////


///////////////////////////////////
// Efinity Synthesis Started 
// Aug 30, 2025 14:22:52
///////////////////////////////////


///////////////////////////////////
// Efinity Synthesis Started 
// Aug 30, 2025 14:23:39
///////////////////////////////////


///////////////////////////////////
// Efinity Synthesis Started 
// Aug 30, 2025 14:33:55
///////////////////////////////////


///////////////////////////////////
// Efinity Synthesis Started 
// Aug 30, 2025 14:34:41
///////////////////////////////////


///////////////////////////////////
// Efinity Synthesis Started 
// Aug 30, 2025 14:48:39
///////////////////////////////////


///////////////////////////////////
// Efinity Synthesis Started 
// Aug 30, 2025 14:49:30
///////////////////////////////////


///////////////////////////////////
// Efinity Synthesis Started 
// Aug 30, 2025 15:51:28
///////////////////////////////////


///////////////////////////////////
// Efinity Synthesis Started 
// Aug 30, 2025 15:52:20
///////////////////////////////////


///////////////////////////////////
// Efinity Synthesis Started 
// Aug 30, 2025 16:27:47
///////////////////////////////////


///////////////////////////////////
// Efinity Synthesis Started 
// Aug 30, 2025 16:28:39
///////////////////////////////////


///////////////////////////////////
// Efinity Synthesis Started 
// Aug 30, 2025 16:38:31
///////////////////////////////////


///////////////////////////////////
// Efinity Synthesis Started 
// Aug 30, 2025 16:39:22
///////////////////////////////////


///////////////////////////////////
// Efinity Synthesis Started 
// Aug 30, 2025 16:52:54
///////////////////////////////////


///////////////////////////////////
// Efinity Synthesis Started 
// Aug 30, 2025 16:53:46
///////////////////////////////////


///////////////////////////////////
// Efinity Synthesis Started 
// Aug 30, 2025 18:05:07
///////////////////////////////////


///////////////////////////////////
// Efinity Synthesis Started 
// Aug 30, 2025 18:05:58
///////////////////////////////////


///////////////////////////////////
// Efinity Synthesis Started 
// Aug 30, 2025 18:32:32
///////////////////////////////////


///////////////////////////////////
// Efinity Synthesis Started 
// Aug 30, 2025 18:33:23
///////////////////////////////////


///////////////////////////////////
// Efinity Synthesis Started 
// Aug 30, 2025 18:44:19
///////////////////////////////////


///////////////////////////////////
// Efinity Synthesis Started 
// Aug 30, 2025 18:45:11
///////////////////////////////////


///////////////////////////////////
// Efinity Synthesis Started 
// Aug 30, 2025 18:52:47
///////////////////////////////////


///////////////////////////////////
// Efinity Synthesis Started 
// Aug 30, 2025 18:53:39
///////////////////////////////////


///////////////////////////////////
// Efinity Synthesis Started 
// Aug 30, 2025 19:19:41
///////////////////////////////////


///////////////////////////////////
// Efinity Synthesis Started 
// Aug 30, 2025 19:20:33
///////////////////////////////////


///////////////////////////////////
// Efinity Synthesis Started 
// Aug 30, 2025 19:25:30
///////////////////////////////////


///////////////////////////////////
// Efinity Synthesis Started 
// Aug 30, 2025 19:26:21
///////////////////////////////////


///////////////////////////////////
// Efinity Synthesis Started 
// Aug 30, 2025 19:38:22
///////////////////////////////////


///////////////////////////////////
// Efinity Synthesis Started 
// Aug 30, 2025 19:39:13
///////////////////////////////////


///////////////////////////////////
// Efinity Synthesis Started 
// Aug 30, 2025 19:50:19
///////////////////////////////////


///////////////////////////////////
// Efinity Synthesis Started 
// Aug 30, 2025 19:51:10
///////////////////////////////////


///////////////////////////////////
// Efinity Synthesis Started 
// Aug 30, 2025 20:03:25
///////////////////////////////////


///////////////////////////////////
// Efinity Synthesis Started 
// Aug 30, 2025 20:04:17
///////////////////////////////////


///////////////////////////////////
// Efinity Synthesis Started 
// Aug 30, 2025 21:28:09
///////////////////////////////////


///////////////////////////////////
// Efinity Synthesis Started 
// Aug 30, 2025 21:29:00
///////////////////////////////////


///////////////////////////////////
// Efinity Synthesis Started 
// Aug 31, 2025 09:05:19
///////////////////////////////////


///////////////////////////////////
// Efinity Synthesis Started 
// Aug 31, 2025 09:06:10
///////////////////////////////////


///////////////////////////////////
// Efinity Synthesis Started 
// Aug 31, 2025 09:10:42
///////////////////////////////////


///////////////////////////////////
// Efinity Synthesis Started 
// Aug 31, 2025 09:11:33
///////////////////////////////////


///////////////////////////////////
// Efinity Synthesis Started 
// Aug 31, 2025 09:25:27
///////////////////////////////////


///////////////////////////////////
// Efinity Synthesis Started 
// Aug 31, 2025 09:26:19
///////////////////////////////////


///////////////////////////////////
// Efinity Synthesis Started 
// Aug 31, 2025 09:30:20
///////////////////////////////////


///////////////////////////////////
// Efinity Synthesis Started 
// Aug 31, 2025 09:31:31
///////////////////////////////////


///////////////////////////////////
// Efinity Synthesis Started 
// Aug 31, 2025 11:03:13
///////////////////////////////////


///////////////////////////////////
// Efinity Synthesis Started 
// Aug 31, 2025 11:04:25
///////////////////////////////////


///////////////////////////////////
// Efinity Synthesis Started 
// Aug 31, 2025 11:23:34
///////////////////////////////////


///////////////////////////////////
// Efinity Synthesis Started 
// Aug 31, 2025 11:24:47
///////////////////////////////////


///////////////////////////////////
// Efinity Synthesis Started 
// Aug 31, 2025 11:33:20
///////////////////////////////////


///////////////////////////////////
// Efinity Synthesis Started 
// Aug 31, 2025 11:34:30
///////////////////////////////////


///////////////////////////////////
// Efinity Synthesis Started 
// Aug 31, 2025 11:53:32
///////////////////////////////////


///////////////////////////////////
// Efinity Synthesis Started 
// Aug 31, 2025 11:54:46
///////////////////////////////////


///////////////////////////////////
// Efinity Synthesis Started 
// Aug 31, 2025 12:10:59
///////////////////////////////////


///////////////////////////////////
// Efinity Synthesis Started 
// Aug 31, 2025 12:12:10
///////////////////////////////////


///////////////////////////////////
// Efinity Synthesis Started 
// Aug 31, 2025 12:33:09
///////////////////////////////////


///////////////////////////////////
// Efinity Synthesis Started 
// Aug 31, 2025 12:34:40
///////////////////////////////////


///////////////////////////////////
// Efinity Synthesis Started 
// Aug 31, 2025 12:35:50
///////////////////////////////////


///////////////////////////////////
// Efinity Synthesis Started 
// Aug 31, 2025 13:17:52
///////////////////////////////////


///////////////////////////////////
// Efinity Synthesis Started 
// Aug 31, 2025 13:19:03
///////////////////////////////////


///////////////////////////////////
// Efinity Synthesis Started 
// Aug 31, 2025 13:42:33
///////////////////////////////////


///////////////////////////////////
// Efinity Synthesis Started 
// Aug 31, 2025 13:43:43
///////////////////////////////////


///////////////////////////////////
// Efinity Synthesis Started 
// Aug 31, 2025 14:59:39
///////////////////////////////////


///////////////////////////////////
// Efinity Synthesis Started 
// Aug 31, 2025 15:00:50
///////////////////////////////////


///////////////////////////////////
// Efinity Synthesis Started 
// Aug 31, 2025 15:18:51
///////////////////////////////////


///////////////////////////////////
// Efinity Synthesis Started 
// Aug 31, 2025 15:20:01
///////////////////////////////////


///////////////////////////////////
// Efinity Synthesis Started 
// Aug 31, 2025 15:25:28
///////////////////////////////////


///////////////////////////////////
// Efinity Synthesis Started 
// Aug 31, 2025 15:26:21
///////////////////////////////////


///////////////////////////////////
// Efinity Synthesis Started 
// Aug 31, 2025 15:45:04
///////////////////////////////////


///////////////////////////////////
// Efinity Synthesis Started 
// Aug 31, 2025 15:45:56
///////////////////////////////////


///////////////////////////////////
// Efinity Synthesis Started 
// Aug 31, 2025 16:56:10
///////////////////////////////////


///////////////////////////////////
// Efinity Synthesis Started 
// Aug 31, 2025 16:57:02
///////////////////////////////////

[EFX-0210 ERROR] No top design.

///////////////////////////////////
// Efinity Synthesis Started 
// Aug 31, 2025 17:00:06
///////////////////////////////////


///////////////////////////////////
// Efinity Synthesis Started 
// Aug 31, 2025 17:00:52
///////////////////////////////////


///////////////////////////////////
// Efinity Synthesis Started 
// Aug 31, 2025 20:08:44
///////////////////////////////////


///////////////////////////////////
// Efinity Synthesis Started 
// Aug 31, 2025 20:09:32
///////////////////////////////////


///////////////////////////////////
// Efinity Synthesis Started 
// Aug 31, 2025 20:37:58
///////////////////////////////////


///////////////////////////////////
// Efinity Synthesis Started 
// Aug 31, 2025 20:38:44
///////////////////////////////////


///////////////////////////////////
// Efinity Synthesis Started 
// Aug 31, 2025 20:47:06
///////////////////////////////////


///////////////////////////////////
// Efinity Synthesis Started 
// Aug 31, 2025 20:47:54
///////////////////////////////////


///////////////////////////////////
// Efinity Synthesis Started 
// Aug 31, 2025 21:28:50
///////////////////////////////////


///////////////////////////////////
// Efinity Synthesis Started 
// Aug 31, 2025 21:29:36
///////////////////////////////////


///////////////////////////////////
// Efinity Synthesis Started 
// Aug 31, 2025 21:31:47
///////////////////////////////////


///////////////////////////////////
// Efinity Synthesis Started 
// Aug 31, 2025 21:32:38
///////////////////////////////////


///////////////////////////////////
// Efinity Synthesis Started 
// Aug 31, 2025 22:08:58
///////////////////////////////////


///////////////////////////////////
// Efinity Synthesis Started 
// Aug 31, 2025 22:09:49
///////////////////////////////////


///////////////////////////////////
// Efinity Synthesis Started 
// Aug 31, 2025 22:18:24
///////////////////////////////////


///////////////////////////////////
// Efinity Synthesis Started 
// Aug 31, 2025 22:19:15
///////////////////////////////////


///////////////////////////////////
// Efinity Synthesis Started 
// Sep 01, 2025 19:07:22
///////////////////////////////////


///////////////////////////////////
// Efinity Synthesis Started 
// Sep 01, 2025 19:08:13
///////////////////////////////////


///////////////////////////////////
// Efinity Synthesis Started 
// Sep 01, 2025 19:19:31
///////////////////////////////////


///////////////////////////////////
// Efinity Synthesis Started 
// Sep 01, 2025 19:20:21
///////////////////////////////////


///////////////////////////////////
// Efinity Synthesis Started 
// Sep 01, 2025 19:52:35
///////////////////////////////////


///////////////////////////////////
// Efinity Synthesis Started 
// Sep 01, 2025 19:53:26
///////////////////////////////////


///////////////////////////////////
// Efinity Synthesis Started 
// Sep 01, 2025 20:03:39
///////////////////////////////////


///////////////////////////////////
// Efinity Synthesis Started 
// Sep 01, 2025 20:04:30
///////////////////////////////////


///////////////////////////////////
// Efinity Synthesis Started 
// Sep 02, 2025 19:57:14
///////////////////////////////////


///////////////////////////////////
// Efinity Synthesis Started 
// Sep 02, 2025 19:58:05
///////////////////////////////////


///////////////////////////////////
// Efinity Synthesis Started 
// Sep 02, 2025 20:32:07
///////////////////////////////////


///////////////////////////////////
// Efinity Synthesis Started 
// Sep 02, 2025 20:32:57
///////////////////////////////////


///////////////////////////////////
// Efinity Synthesis Started 
// Sep 02, 2025 21:04:48
///////////////////////////////////


///////////////////////////////////
// Efinity Synthesis Started 
// Sep 02, 2025 21:05:38
///////////////////////////////////


///////////////////////////////////
// Efinity Synthesis Started 
// Sep 02, 2025 21:18:59
///////////////////////////////////


///////////////////////////////////
// Efinity Synthesis Started 
// Sep 02, 2025 21:19:50
///////////////////////////////////


///////////////////////////////////
// Efinity Synthesis Started 
// Sep 05, 2025 20:21:25
///////////////////////////////////


///////////////////////////////////
// Efinity Synthesis Started 
// Sep 05, 2025 20:22:16
///////////////////////////////////

[EFX-0210 ERROR] No top design.

///////////////////////////////////
// Efinity Synthesis Started 
// Sep 05, 2025 20:25:02
///////////////////////////////////


///////////////////////////////////
// Efinity Synthesis Started 
// Sep 05, 2025 20:26:23
///////////////////////////////////


///////////////////////////////////
// Efinity Synthesis Started 
// Sep 05, 2025 20:32:17
///////////////////////////////////


///////////////////////////////////
// Efinity Synthesis Started 
// Sep 05, 2025 20:33:39
///////////////////////////////////


///////////////////////////////////
// Efinity Synthesis Started 
// Sep 05, 2025 20:57:07
///////////////////////////////////


///////////////////////////////////
// Efinity Synthesis Started 
// Sep 05, 2025 20:57:57
///////////////////////////////////


///////////////////////////////////
// Efinity Synthesis Started 
// Sep 05, 2025 21:07:12
///////////////////////////////////


///////////////////////////////////
// Efinity Synthesis Started 
// Sep 05, 2025 21:08:35
///////////////////////////////////


///////////////////////////////////
// Efinity Synthesis Started 
// Sep 05, 2025 21:45:46
///////////////////////////////////


///////////////////////////////////
// Efinity Synthesis Started 
// Sep 05, 2025 21:46:56
///////////////////////////////////


///////////////////////////////////
// Efinity Synthesis Started 
// Sep 06, 2025 09:21:06
///////////////////////////////////


///////////////////////////////////
// Efinity Synthesis Started 
// Sep 06, 2025 09:22:16
///////////////////////////////////


///////////////////////////////////
// Efinity Synthesis Started 
// Sep 06, 2025 09:26:48
///////////////////////////////////


///////////////////////////////////
// Efinity Synthesis Started 
// Sep 06, 2025 09:27:59
///////////////////////////////////


///////////////////////////////////
// Efinity Synthesis Started 
// Sep 06, 2025 09:55:20
///////////////////////////////////


///////////////////////////////////
// Efinity Synthesis Started 
// Sep 06, 2025 09:56:30
///////////////////////////////////


///////////////////////////////////
// Efinity Synthesis Started 
// Sep 06, 2025 10:10:45
///////////////////////////////////


///////////////////////////////////
// Efinity Synthesis Started 
// Sep 06, 2025 10:11:56
///////////////////////////////////


///////////////////////////////////
// Efinity Synthesis Started 
// Sep 06, 2025 11:10:17
///////////////////////////////////


///////////////////////////////////
// Efinity Synthesis Started 
// Sep 06, 2025 11:11:27
///////////////////////////////////


///////////////////////////////////
// Efinity Synthesis Started 
// Sep 06, 2025 11:27:21
///////////////////////////////////


///////////////////////////////////
// Efinity Synthesis Started 
// Sep 06, 2025 11:28:15
///////////////////////////////////


///////////////////////////////////
// Efinity Synthesis Started 
// Sep 06, 2025 13:17:44
///////////////////////////////////


///////////////////////////////////
// Efinity Synthesis Started 
// Sep 06, 2025 13:18:44
///////////////////////////////////


///////////////////////////////////
// Efinity Synthesis Started 
// Sep 06, 2025 17:21:07
///////////////////////////////////


///////////////////////////////////
// Efinity Synthesis Started 
// Sep 06, 2025 17:22:05
///////////////////////////////////

[EFX-0210 ERROR] No top design.

///////////////////////////////////
// Efinity Synthesis Started 
// Sep 06, 2025 17:24:06
///////////////////////////////////


///////////////////////////////////
// Efinity Synthesis Started 
// Sep 06, 2025 17:25:03
///////////////////////////////////

[EFX-0210 ERROR] No top design.

///////////////////////////////////
// Efinity Synthesis Started 
// Sep 06, 2025 17:26:04
///////////////////////////////////


///////////////////////////////////
// Efinity Synthesis Started 
// Sep 06, 2025 17:27:02
///////////////////////////////////

[EFX-0210 ERROR] No top design.

///////////////////////////////////
// Efinity Synthesis Started 
// Sep 06, 2025 17:29:38
///////////////////////////////////


///////////////////////////////////
// Efinity Synthesis Started 
// Sep 06, 2025 17:30:35
///////////////////////////////////

[EFX-0210 ERROR] No top design.

///////////////////////////////////
// Efinity Synthesis Started 
// Sep 06, 2025 17:34:53
///////////////////////////////////


///////////////////////////////////
// Efinity Synthesis Started 
// Sep 06, 2025 17:35:40
///////////////////////////////////


///////////////////////////////////
// Efinity Synthesis Started 
// Sep 06, 2025 17:36:37
///////////////////////////////////

[EFX-0210 ERROR] No top design.

///////////////////////////////////
// Efinity Synthesis Started 
// Sep 06, 2025 19:48:27
///////////////////////////////////


///////////////////////////////////
// Efinity Synthesis Started 
// Sep 06, 2025 19:49:25
///////////////////////////////////

[EFX-0210 ERROR] No top design.

///////////////////////////////////
// Efinity Synthesis Started 
// Sep 06, 2025 19:53:27
///////////////////////////////////


///////////////////////////////////
// Efinity Synthesis Started 
// Sep 06, 2025 19:54:10
///////////////////////////////////


///////////////////////////////////
// Efinity Synthesis Started 
// Sep 06, 2025 20:15:44
///////////////////////////////////


///////////////////////////////////
// Efinity Synthesis Started 
// Sep 06, 2025 20:16:26
///////////////////////////////////


///////////////////////////////////
// Efinity Synthesis Started 
// Sep 06, 2025 20:49:10
///////////////////////////////////


///////////////////////////////////
// Efinity Synthesis Started 
// Sep 06, 2025 20:49:53
///////////////////////////////////


///////////////////////////////////
// Efinity Synthesis Started 
// Sep 06, 2025 21:29:45
///////////////////////////////////


///////////////////////////////////
// Efinity Synthesis Started 
// Sep 06, 2025 21:30:27
///////////////////////////////////


///////////////////////////////////
// Efinity Synthesis Started 
// Sep 06, 2025 21:54:51
///////////////////////////////////


///////////////////////////////////
// Efinity Synthesis Started 
// Sep 06, 2025 21:55:32
///////////////////////////////////


///////////////////////////////////
// Efinity Synthesis Started 
// Sep 06, 2025 22:10:50
///////////////////////////////////


///////////////////////////////////
// Efinity Synthesis Started 
// Sep 06, 2025 22:11:32
///////////////////////////////////


///////////////////////////////////
// Efinity Synthesis Started 
// Sep 06, 2025 22:28:26
///////////////////////////////////


///////////////////////////////////
// Efinity Synthesis Started 
// Sep 06, 2025 22:29:08
///////////////////////////////////


///////////////////////////////////
// Efinity Synthesis Started 
// Sep 06, 2025 22:39:52
///////////////////////////////////


///////////////////////////////////
// Efinity Synthesis Started 
// Sep 06, 2025 22:40:34
///////////////////////////////////


///////////////////////////////////
// Efinity Synthesis Started 
// Sep 06, 2025 22:51:27
///////////////////////////////////


///////////////////////////////////
// Efinity Synthesis Started 
// Sep 06, 2025 22:52:10
///////////////////////////////////


///////////////////////////////////
// Efinity Synthesis Started 
// Sep 06, 2025 23:14:46
///////////////////////////////////


///////////////////////////////////
// Efinity Synthesis Started 
// Sep 06, 2025 23:15:29
///////////////////////////////////


///////////////////////////////////
// Efinity Synthesis Started 
// Sep 06, 2025 23:16:42
///////////////////////////////////


///////////////////////////////////
// Efinity Synthesis Started 
// Sep 06, 2025 23:17:24
///////////////////////////////////


///////////////////////////////////
// Efinity Synthesis Started 
// Sep 07, 2025 11:29:49
///////////////////////////////////


///////////////////////////////////
// Efinity Synthesis Started 
// Sep 07, 2025 11:30:30
///////////////////////////////////


///////////////////////////////////
// Efinity Synthesis Started 
// Sep 07, 2025 12:50:11
///////////////////////////////////


///////////////////////////////////
// Efinity Synthesis Started 
// Sep 07, 2025 12:50:52
///////////////////////////////////


///////////////////////////////////
// Efinity Synthesis Started 
// Sep 07, 2025 13:13:10
///////////////////////////////////


///////////////////////////////////
// Efinity Synthesis Started 
// Sep 07, 2025 13:13:51
///////////////////////////////////


///////////////////////////////////
// Efinity Synthesis Started 
// Sep 07, 2025 14:26:09
///////////////////////////////////


///////////////////////////////////
// Efinity Synthesis Started 
// Sep 07, 2025 14:26:51
///////////////////////////////////


///////////////////////////////////
// Efinity Synthesis Started 
// Sep 07, 2025 14:48:16
///////////////////////////////////


///////////////////////////////////
// Efinity Synthesis Started 
// Sep 07, 2025 14:49:00
///////////////////////////////////


///////////////////////////////////
// Efinity Synthesis Started 
// Sep 07, 2025 15:05:41
///////////////////////////////////


///////////////////////////////////
// Efinity Synthesis Started 
// Sep 07, 2025 15:06:26
///////////////////////////////////


///////////////////////////////////
// Efinity Synthesis Started 
// Sep 07, 2025 15:09:04
///////////////////////////////////


///////////////////////////////////
// Efinity Synthesis Started 
// Sep 07, 2025 15:09:49
///////////////////////////////////


///////////////////////////////////
// Efinity Synthesis Started 
// Sep 07, 2025 15:35:21
///////////////////////////////////


///////////////////////////////////
// Efinity Synthesis Started 
// Sep 07, 2025 15:36:06
///////////////////////////////////


///////////////////////////////////
// Efinity Synthesis Started 
// Sep 07, 2025 15:38:06
///////////////////////////////////


///////////////////////////////////
// Efinity Synthesis Started 
// Sep 07, 2025 15:38:50
///////////////////////////////////


///////////////////////////////////
// Efinity Synthesis Started 
// Sep 07, 2025 15:52:25
///////////////////////////////////


///////////////////////////////////
// Efinity Synthesis Started 
// Sep 07, 2025 15:53:10
///////////////////////////////////


///////////////////////////////////
// Efinity Synthesis Started 
// Sep 07, 2025 16:31:31
///////////////////////////////////


///////////////////////////////////
// Efinity Synthesis Started 
// Sep 07, 2025 16:32:15
///////////////////////////////////


///////////////////////////////////
// Efinity Synthesis Started 
// Sep 07, 2025 16:35:26
///////////////////////////////////


///////////////////////////////////
// Efinity Synthesis Started 
// Sep 07, 2025 16:36:16
///////////////////////////////////


///////////////////////////////////
// Efinity Synthesis Started 
// Sep 07, 2025 16:50:24
///////////////////////////////////


///////////////////////////////////
// Efinity Synthesis Started 
// Sep 07, 2025 16:51:10
///////////////////////////////////


///////////////////////////////////
// Efinity Synthesis Started 
// Sep 07, 2025 17:15:13
///////////////////////////////////


///////////////////////////////////
// Efinity Synthesis Started 
// Sep 07, 2025 17:15:58
///////////////////////////////////


///////////////////////////////////
// Efinity Synthesis Started 
// Sep 07, 2025 17:44:50
///////////////////////////////////


///////////////////////////////////
// Efinity Synthesis Started 
// Sep 07, 2025 17:45:35
///////////////////////////////////


///////////////////////////////////
// Efinity Synthesis Started 
// Sep 07, 2025 18:49:35
///////////////////////////////////


///////////////////////////////////
// Efinity Synthesis Started 
// Sep 07, 2025 18:50:19
///////////////////////////////////


///////////////////////////////////
// Efinity Synthesis Started 
// Sep 07, 2025 18:55:46
///////////////////////////////////


///////////////////////////////////
// Efinity Synthesis Started 
// Sep 07, 2025 18:56:31
///////////////////////////////////


///////////////////////////////////
// Efinity Synthesis Started 
// Sep 07, 2025 18:59:52
///////////////////////////////////


///////////////////////////////////
// Efinity Synthesis Started 
// Sep 07, 2025 19:00:37
///////////////////////////////////


///////////////////////////////////
// Efinity Synthesis Started 
// Sep 07, 2025 19:01:22
///////////////////////////////////


///////////////////////////////////
// Efinity Synthesis Started 
// Sep 07, 2025 19:05:18
///////////////////////////////////


///////////////////////////////////
// Efinity Synthesis Started 
// Sep 07, 2025 19:06:02
///////////////////////////////////

