22:34:31 **** Incremental Build of configuration Default for project test_b ****
make all 
CC src/test_b.c
LD test_b
Memory region         Used Size  Region Size  %age Used
             ram:       18832 B       128 KB     14.37%
22:35:04 **** Incremental Build of configuration Default for project test_b ****
make all 
make: Nothing to be done for 'all'.
19:15:13 **** Incremental Build of configuration Default for project test_b ****
make all 
make: Nothing to be done for 'all'.
19:35:43 **** Incremental Build of configuration Default for project test_b ****
make all 
CC src/test_b.c
LD test_b
Memory region         Used Size  Region Size  %age Used
             ram:       18832 B       128 KB     14.37%
20:05:31 **** Incremental Build of configuration Default for project test_b ****
make all 
make: Nothing to be done for 'all'.
20:22:51 **** Incremental Build of configuration Default for project test_b ****
make all 
CC src/test_b.c
LD test_b
Memory region         Used Size  Region Size  %age Used
             ram:       18848 B       128 KB     14.38%
20:25:04 **** Incremental Build of configuration Default for project test_b ****
make all 
make: Nothing to be done for 'all'.
20:25:19 **** Clean-only build of configuration Default for project test_b ****
make clean 
20:25:22 **** Build of configuration Default for project test_b ****
make all 
CC src/test_b.c
CC ../common/start.S
LD test_b
Memory region         Used Size  Region Size  %age Used
             ram:       18848 B       128 KB     14.38%
20:25:45 **** Incremental Build of configuration Default for project test_b ****
make all 
make: Nothing to be done for 'all'.
20:29:21 **** Incremental Build of configuration Default for project test_b ****
make all 
make: Nothing to be done for 'all'.
20:30:39 **** Incremental Build of configuration Default for project test_b ****
make all 
make: Nothing to be done for 'all'.
20:33:42 **** Incremental Build of configuration Default for project test_b ****
make all 
CC src/test_b.c
LD test_b
Memory region         Used Size  Region Size  %age Used
             ram:       19568 B       128 KB     14.93%
20:34:12 **** Incremental Build of configuration Default for project test_b ****
make all 
make: Nothing to be done for 'all'.
20:36:02 **** Incremental Build of configuration Default for project test_b ****
make all 
make: Nothing to be done for 'all'.
20:37:13 **** Incremental Build of configuration Default for project test_b ****
make all 
make: Nothing to be done for 'all'.
20:38:53 **** Incremental Build of configuration Default for project test_b ****
make all 
make: Nothing to be done for 'all'.
20:40:47 **** Incremental Build of configuration Default for project test_b ****
make all 
make: Nothing to be done for 'all'.
20:43:44 **** Clean-only build of configuration Default for project test_b ****
make clean 
20:43:54 **** Build of configuration Default for project test_b ****
make all 
CC src/test_b.c
CC ../common/start.S
LD test_b
Memory region         Used Size  Region Size  %age Used
             ram:       19568 B       128 KB     14.93%
20:44:17 **** Incremental Build of configuration Default for project test_b ****
make all 
make: Nothing to be done for 'all'.
20:48:56 **** Clean-only build of configuration Default for project test_b ****
make clean 
20:48:59 **** Build of configuration Default for project test_b ****
make all 
CC src/test_b.c
src/test_b.c: In function 'main':
src/test_b.c:89:24: error: redefinition of 'ddr3_base'
     volatile uint32_t *ddr3_base = (volatile uint32_t *)(0x1000);
                        ^~~~~~~~~
src/test_b.c:77:24: note: previous definition of 'ddr3_base' was here
     volatile uint32_t *ddr3_base = (volatile uint32_t *)(0x1000);
                        ^~~~~~~~~
make: *** [../common/standalone.mk:56: build/obj_files/test_b.o] Error 1
"make all" terminated with exit code 2. Build might be incomplete.
20:49:41 **** Clean-only build of configuration Default for project test_b ****
make clean 
20:49:50 **** Build of configuration Default for project test_b ****
make all 
CC src/test_b.c
CC ../common/start.S
LD test_b
Memory region         Used Size  Region Size  %age Used
             ram:       19840 B       128 KB     15.14%
20:50:05 **** Incremental Build of configuration Default for project test_b ****
make all 
make: Nothing to be done for 'all'.
20:50:37 **** Incremental Build of configuration Default for project test_b ****
make all 
make: Nothing to be done for 'all'.
20:52:44 **** Incremental Build of configuration Default for project test_b ****
make all 
make: Nothing to be done for 'all'.
16:27:39 **** Incremental Build of configuration Default for project test_b ****
make all 
CC src/test_b.c
LD test_b
Memory region         Used Size  Region Size  %age Used
             ram:       20048 B       128 KB     15.30%
16:29:04 **** Incremental Build of configuration Default for project test_b ****
make all 
make: Nothing to be done for 'all'.
16:29:55 **** Incremental Build of configuration Default for project test_b ****
make all 
make: Nothing to be done for 'all'.
16:31:15 **** Incremental Build of configuration Default for project test_b ****
make all 
make: Nothing to be done for 'all'.
19:51:47 **** Incremental Build of configuration Default for project test_b ****
make all 
make: Nothing to be done for 'all'.
19:52:06 **** Incremental Build of configuration Default for project test_b ****
make all 
make: Nothing to be done for 'all'.
19:52:24 **** Incremental Build of configuration Default for project test_b ****
make all 
make: Nothing to be done for 'all'.
20:16:08 **** Build of configuration Default for project test_b ****
make all 
make: Nothing to be done for 'all'.
20:16:25 **** Incremental Build of configuration Default for project test_b ****
make all 
make: Nothing to be done for 'all'.
20:37:00 **** Incremental Build of configuration Default for project test_b ****
make all 
make: Nothing to be done for 'all'.
20:41:49 **** Incremental Build of configuration Default for project test_b ****
make all 
make: Nothing to be done for 'all'.
20:41:57 **** Incremental Build of configuration Default for project test_b ****
make all 
make: Nothing to be done for 'all'.
20:42:57 **** Incremental Build of configuration Default for project test_b ****
make all 
make: Nothing to be done for 'all'.
20:59:03 **** Incremental Build of configuration Default for project test_b ****
make all 
make: Nothing to be done for 'all'.
21:02:35 **** Incremental Build of configuration Default for project test_b ****
make all 
make: Nothing to be done for 'all'.
21:04:13 **** Incremental Build of configuration Default for project test_b ****
make all 
make: Nothing to be done for 'all'.
21:04:44 **** Incremental Build of configuration Default for project test_b ****
make all 
make: Nothing to be done for 'all'.
21:05:11 **** Incremental Build of configuration Default for project test_b ****
make all 
make: Nothing to be done for 'all'.
21:08:31 **** Incremental Build of configuration Default for project test_b ****
make all 
make: Nothing to be done for 'all'.
21:09:52 **** Incremental Build of configuration Default for project test_b ****
make all 
make: Nothing to be done for 'all'.
21:11:07 **** Incremental Build of configuration Default for project test_b ****
make all 
make: Nothing to be done for 'all'.
21:11:33 **** Incremental Build of configuration Default for project test_b ****
make all 
make: Nothing to be done for 'all'.
21:12:36 **** Incremental Build of configuration Default for project test_b ****
make all 
make: Nothing to be done for 'all'.
21:13:00 **** Incremental Build of configuration Default for project test_b ****
make all 
make: Nothing to be done for 'all'.
21:13:14 **** Incremental Build of configuration Default for project test_b ****
make all 
make: Nothing to be done for 'all'.
21:14:01 **** Incremental Build of configuration Default for project test_b ****
make all 
make: Nothing to be done for 'all'.
21:15:42 **** Incremental Build of configuration Default for project test_b ****
make all 
make: Nothing to be done for 'all'.
21:25:45 **** Incremental Build of configuration Default for project test_b ****
make all 
make: Nothing to be done for 'all'.
21:26:03 **** Incremental Build of configuration Default for project test_b ****
make all 
make: Nothing to be done for 'all'.
21:26:19 **** Incremental Build of configuration Default for project test_b ****
make all 
make: Nothing to be done for 'all'.
21:27:21 **** Incremental Build of configuration Default for project test_b ****
make all 
make: Nothing to be done for 'all'.
21:28:14 **** Incremental Build of configuration Default for project test_b ****
make all 
make: Nothing to be done for 'all'.
21:30:09 **** Incremental Build of configuration Default for project test_b ****
make all 
make: Nothing to be done for 'all'.
21:44:25 **** Clean-only build of configuration Default for project test_b ****
make clean 
21:44:28 **** Build of configuration Default for project test_b ****
make all 
CC src/test_b.c
CC ../common/start.S
LD test_b
Memory region         Used Size  Region Size  %age Used
             ram:       20048 B       128 KB     15.30%
21:44:33 **** Incremental Build of configuration Default for project test_b ****
make all 
make: Nothing to be done for 'all'.
21:45:01 **** Incremental Build of configuration Default for project test_b ****
make all 
make: Nothing to be done for 'all'.
21:55:13 **** Incremental Build of configuration Default for project test_b ****
make all 
make: Nothing to be done for 'all'.
21:55:47 **** Incremental Build of configuration Default for project test_b ****
make all 
make: Nothing to be done for 'all'.
22:12:12 **** Incremental Build of configuration Default for project test_b ****
make all 
make: Nothing to be done for 'all'.
22:12:53 **** Incremental Build of configuration Default for project test_b ****
make all 
make: Nothing to be done for 'all'.
22:23:53 **** Incremental Build of configuration Default for project test_b ****
make all 
CC src/test_b.c
LD test_b
Memory region         Used Size  Region Size  %age Used
             ram:       20640 B       128 KB     15.75%
22:24:05 **** Clean-only build of configuration Default for project test_b ****
make clean 
22:24:07 **** Build of configuration Default for project test_b ****
make all 
CC src/test_b.c
CC ../common/start.S
LD test_b
Memory region         Used Size  Region Size  %age Used
             ram:       20640 B       128 KB     15.75%
22:24:13 **** Incremental Build of configuration Default for project test_b ****
make all 
make: Nothing to be done for 'all'.
22:31:27 **** Clean-only build of configuration Default for project test_b ****
make clean 
22:31:38 **** Build of configuration Default for project test_b ****
make all 
CC src/test_b.c
src/test_b.c: In function 'main':
src/test_b.c:292:29: error: 'eth_rx' undeclared (first use in this function)
         uint32_t rx_data = *eth_rx;
                             ^~~~~~
src/test_b.c:292:29: note: each undeclared identifier is reported only once for each function it appears in
make: *** [../common/standalone.mk:56: build/obj_files/test_b.o] Error 1
"make all" terminated with exit code 2. Build might be incomplete.
22:31:55 **** Clean-only build of configuration Default for project test_b ****
make clean 
22:31:59 **** Build of configuration Default for project test_b ****
make all 
CC src/test_b.c
src/test_b.c: In function 'main':
src/test_b.c:292:29: error: 'eth_rx' undeclared (first use in this function)
         uint32_t rx_data = *eth_rx;
                             ^~~~~~
src/test_b.c:292:29: note: each undeclared identifier is reported only once for each function it appears in
make: *** [../common/standalone.mk:56: build/obj_files/test_b.o] Error 1
"make all" terminated with exit code 2. Build might be incomplete.
22:33:30 **** Clean-only build of configuration Default for project test_b ****
make clean 
22:33:33 **** Build of configuration Default for project test_b ****
make all 
CC src/test_b.c
src/test_b.c: In function 'main':
src/test_b.c:292:29: error: 'eth_rx' undeclared (first use in this function)
         uint32_t rx_data = *eth_rx;
                             ^~~~~~
src/test_b.c:292:29: note: each undeclared identifier is reported only once for each function it appears in
make: *** [../common/standalone.mk:56: build/obj_files/test_b.o] Error 1
"make all" terminated with exit code 2. Build might be incomplete.
22:35:24 **** Clean-only build of configuration Default for project test_b ****
make clean 
22:35:27 **** Build of configuration Default for project test_b ****
make all 
CC src/test_b.c
CC ../common/start.S
LD test_b
Memory region         Used Size  Region Size  %age Used
             ram:         20 KB       128 KB     15.62%
22:36:05 **** Incremental Build of configuration Default for project test_b ****
make all 
make: Nothing to be done for 'all'.
22:36:22 **** Incremental Build of configuration Default for project test_b ****
make all 
make: Nothing to be done for 'all'.
22:37:03 **** Incremental Build of configuration Default for project test_b ****
make all 
make: Nothing to be done for 'all'.
22:37:13 **** Incremental Build of configuration Default for project test_b ****
make all 
make: Nothing to be done for 'all'.
22:40:47 **** Incremental Build of configuration Default for project test_b ****
make all 
make: Nothing to be done for 'all'.
22:41:10 **** Incremental Build of configuration Default for project test_b ****
make all 
make: Nothing to be done for 'all'.
22:43:46 **** Incremental Build of configuration Default for project test_b ****
make all 
make: Nothing to be done for 'all'.
11:51:16 **** Clean-only build of configuration Default for project test_b ****
make clean 
11:51:21 **** Build of configuration Default for project test_b ****
make all 
CC src/test_b.c
CC ../common/start.S
LD test_b
Memory region         Used Size  Region Size  %age Used
             ram:         20 KB       128 KB     15.62%
11:51:31 **** Incremental Build of configuration Default for project test_b ****
make all 
make: Nothing to be done for 'all'.
12:04:27 **** Clean-only build of configuration Default for project test_b ****
make clean 
12:04:30 **** Build of configuration Default for project test_b ****
make all 
CC src/test_b.c
src/test_b.c:156:6: error: redefinition of 'trap'
 void trap() {
      ^~~~
src/test_b.c:145:6: note: previous definition of 'trap' was here
 void trap(void)
      ^~~~
make: *** [../common/standalone.mk:56: build/obj_files/test_b.o] Error 1
"make all" terminated with exit code 2. Build might be incomplete.
12:05:13 **** Incremental Build of configuration Default for project test_b ****
make all 
CC src/test_b.c
CC ../common/start.S
LD test_b
Memory region         Used Size  Region Size  %age Used
             ram:       20032 B       128 KB     15.28%
12:06:15 **** Incremental Build of configuration Default for project test_b ****
make all 
make: Nothing to be done for 'all'.
12:19:11 **** Incremental Build of configuration Default for project test_b ****
make all 
make: Nothing to be done for 'all'.
12:19:21 **** Incremental Build of configuration Default for project test_b ****
make all 
make: Nothing to be done for 'all'.
12:21:22 **** Incremental Build of configuration Default for project test_b ****
make all 
make: Nothing to be done for 'all'.
12:22:12 **** Incremental Build of configuration Default for project test_b ****
make all 
make: Nothing to be done for 'all'.
12:22:37 **** Incremental Build of configuration Default for project test_b ****
make all 
make: Nothing to be done for 'all'.
12:23:23 **** Incremental Build of configuration Default for project test_b ****
make all 
make: Nothing to be done for 'all'.
12:25:08 **** Incremental Build of configuration Default for project test_b ****
make all 
make: Nothing to be done for 'all'.
12:25:39 **** Incremental Build of configuration Default for project test_b ****
make all 
make: Nothing to be done for 'all'.
12:27:29 **** Incremental Build of configuration Default for project test_b ****
make all 
CC src/test_b.c
LD test_b
Memory region         Used Size  Region Size  %age Used
             ram:       20048 B       128 KB     15.30%
12:27:35 **** Incremental Build of configuration Default for project test_b ****
make all 
make: Nothing to be done for 'all'.
12:29:49 **** Incremental Build of configuration Default for project test_b ****
make all 
make: Nothing to be done for 'all'.
12:46:14 **** Incremental Build of configuration Default for project test_b ****
make all 
make: Nothing to be done for 'all'.
12:46:41 **** Incremental Build of configuration Default for project test_b ****
make all 
make: Nothing to be done for 'all'.
12:50:57 **** Clean-only build of configuration Default for project test_b ****
make clean 
12:51:00 **** Build of configuration Default for project test_b ****
make all 
CC src/test_b.c
CC ../common/start.S
LD test_b
Memory region         Used Size  Region Size  %age Used
             ram:       20496 B       128 KB     15.64%
12:51:06 **** Incremental Build of configuration Default for project test_b ****
make all 
make: Nothing to be done for 'all'.
12:56:31 **** Clean-only build of configuration Default for project test_b ****
make clean 
12:56:34 **** Build of configuration Default for project test_b ****
make all 
CC src/test_b.c
CC ../common/start.S
LD test_b
Memory region         Used Size  Region Size  %age Used
             ram:       20496 B       128 KB     15.64%
13:20:55 **** Clean-only build of configuration Default for project test_b ****
make clean 
13:20:58 **** Build of configuration Default for project test_b ****
make all 
CC src/test_b.c
CC ../common/start.S
LD test_b
Memory region         Used Size  Region Size  %age Used
             ram:       20496 B       128 KB     15.64%
13:21:03 **** Incremental Build of configuration Default for project test_b ****
make all 
make: Nothing to be done for 'all'.
13:21:21 **** Incremental Build of configuration Default for project test_b ****
make all 
make: Nothing to be done for 'all'.
13:21:59 **** Incremental Build of configuration Default for project test_b ****
make all 
make: Nothing to be done for 'all'.
13:22:29 **** Incremental Build of configuration Default for project test_b ****
make all 
make: Nothing to be done for 'all'.
13:23:04 **** Incremental Build of configuration Default for project test_b ****
make all 
make: Nothing to be done for 'all'.
13:25:03 **** Incremental Build of configuration Default for project test_b ****
make all 
make: Nothing to be done for 'all'.
13:25:54 **** Incremental Build of configuration Default for project test_b ****
make all 
make: Nothing to be done for 'all'.
13:26:40 **** Incremental Build of configuration Default for project test_b ****
make all 
make: Nothing to be done for 'all'.
13:27:37 **** Incremental Build of configuration Default for project test_b ****
make all 
CC src/test_b.c
LD test_b
Memory region         Used Size  Region Size  %age Used
             ram:       20544 B       128 KB     15.67%
13:27:41 **** Incremental Build of configuration Default for project test_b ****
make all 
make: Nothing to be done for 'all'.
13:28:46 **** Clean-only build of configuration Default for project test_b ****
make clean 
13:28:49 **** Build of configuration Default for project test_b ****
make all 
CC src/test_b.c
CC ../common/start.S
LD test_b
Memory region         Used Size  Region Size  %age Used
             ram:       20560 B       128 KB     15.69%
13:29:03 **** Incremental Build of configuration Default for project test_b ****
make all 
make: Nothing to be done for 'all'.
13:41:16 **** Clean-only build of configuration Default for project test_b ****
make clean 
13:41:18 **** Build of configuration Default for project test_b ****
make all 
CC src/test_b.c
CC ../common/start.S
LD test_b
Memory region         Used Size  Region Size  %age Used
             ram:       20048 B       128 KB     15.30%
13:41:21 **** Incremental Build of configuration Default for project test_b ****
make all 
make: Nothing to be done for 'all'.
13:43:16 **** Incremental Build of configuration Default for project test_b ****
make all 
CC src/test_b.c
LD test_b
Memory region         Used Size  Region Size  %age Used
             ram:       20080 B       128 KB     15.32%
13:43:20 **** Incremental Build of configuration Default for project test_b ****
make all 
make: Nothing to be done for 'all'.
13:43:45 **** Clean-only build of configuration Default for project test_b ****
make clean 
13:43:52 **** Build of configuration Default for project test_b ****
make all 
CC src/test_b.c
CC ../common/start.S
LD test_b
Memory region         Used Size  Region Size  %age Used
             ram:       20080 B       128 KB     15.32%
13:44:58 **** Incremental Build of configuration Default for project test_b ****
make all 
CC src/test_b.c
LD test_b
Memory region         Used Size  Region Size  %age Used
             ram:       20224 B       128 KB     15.43%
13:46:21 **** Clean-only build of configuration Default for project test_b ****
make clean 
13:46:26 **** Build of configuration Default for project test_b ****
make all 
CC src/test_b.c
CC ../common/start.S
LD test_b
Memory region         Used Size  Region Size  %age Used
             ram:       20336 B       128 KB     15.52%
13:46:32 **** Incremental Build of configuration Default for project test_b ****
make all 
make: Nothing to be done for 'all'.
13:57:36 **** Clean-only build of configuration Default for project test_b ****
make clean 
13:57:39 **** Build of configuration Default for project test_b ****
make all 
CC src/test_b.c
CC ../common/start.S
LD test_b
Memory region         Used Size  Region Size  %age Used
             ram:       20336 B       128 KB     15.52%
13:58:33 **** Incremental Build of configuration Default for project test_b ****
make all 
make: Nothing to be done for 'all'.
14:26:26 **** Incremental Build of configuration Default for project test_b ****
make all 
CC src/test_b.c
src/test_b.c: In function 'main':
src/test_b.c:71:3: warning: missing terminating ' character
 32'hd000        bsp_printf("  ERROR: TX FIFO full, cannot send!\r\n");
   ^
src/test_b.c:71:3: error: missing terminating ' character
 32'hd000        bsp_printf("  ERROR: TX FIFO full, cannot send!\r\n");
   ^~~~~~~~~~~~~~~~~~~~~~~~~~~~~~~~~~~~~~~~~~~~~~~~~~~~~~~~~~~~~~~~~~~~
src/test_b.c:71:3: error: expected ';' before '}' token
 32'hd000        bsp_printf("  ERROR: TX FIFO full, cannot send!\r\n");
   ^
   ;
     } else {
     ~
make: *** [../common/standalone.mk:56: build/obj_files/test_b.o] Error 1
"make all" terminated with exit code 2. Build might be incomplete.
14:26:35 **** Clean-only build of configuration Default for project test_b ****
make clean 
14:26:39 **** Build of configuration Default for project test_b ****
make all 
CC src/test_b.c
src/test_b.c: In function 'main':
src/test_b.c:71:3: warning: missing terminating ' character
 32'hd000        bsp_printf("  ERROR: TX FIFO full, cannot send!\r\n");
   ^
src/test_b.c:71:3: error: missing terminating ' character
 32'hd000        bsp_printf("  ERROR: TX FIFO full, cannot send!\r\n");
   ^~~~~~~~~~~~~~~~~~~~~~~~~~~~~~~~~~~~~~~~~~~~~~~~~~~~~~~~~~~~~~~~~~~~
src/test_b.c:71:3: error: expected ';' before '}' token
 32'hd000        bsp_printf("  ERROR: TX FIFO full, cannot send!\r\n");
   ^
   ;
     } else {
     ~
make: *** [../common/standalone.mk:56: build/obj_files/test_b.o] Error 1
"make all" terminated with exit code 2. Build might be incomplete.
14:27:30 **** Clean-only build of configuration Default for project test_b ****
make clean 
14:27:32 **** Build of configuration Default for project test_b ****
make all 
CC src/test_b.c
CC ../common/start.S
LD test_b
Memory region         Used Size  Region Size  %age Used
             ram:       20352 B       128 KB     15.53%
14:27:41 **** Incremental Build of configuration Default for project test_b ****
make all 
make: Nothing to be done for 'all'.
14:27:46 **** Incremental Build of configuration Default for project test_b ****
make all 
make: Nothing to be done for 'all'.
14:28:10 **** Clean-only build of configuration Default for project test_b ****
make clean 
14:28:13 **** Build of configuration Default for project test_b ****
make all 
CC src/test_b.c
CC ../common/start.S
LD test_b
Memory region         Used Size  Region Size  %age Used
             ram:       20352 B       128 KB     15.53%
14:28:23 **** Incremental Build of configuration Default for project test_b ****
make all 
make: Nothing to be done for 'all'.
14:29:08 **** Incremental Build of configuration Default for project test_b ****
make all 
make: Nothing to be done for 'all'.
14:43:13 **** Clean-only build of configuration Default for project test_b ****
make clean 
14:43:15 **** Build of configuration Default for project test_b ****
make all 
CC src/test_b.c
CC ../common/start.S
LD test_b
Memory region         Used Size  Region Size  %age Used
             ram:       20352 B       128 KB     15.53%
15:50:28 **** Clean-only build of configuration Default for project test_b ****
make clean 
15:50:35 **** Build of configuration Default for project test_b ****
make all 
CC src/test_b.c
CC ../common/start.S
LD test_b
Memory region         Used Size  Region Size  %age Used
             ram:       20352 B       128 KB     15.53%
15:50:39 **** Incremental Build of configuration Default for project test_b ****
make all 
make: Nothing to be done for 'all'.
16:10:02 **** Incremental Build of configuration Default for project test_b ****
make all 
make: Nothing to be done for 'all'.
16:24:43 **** Incremental Build of configuration Default for project test_b ****
make all 
CC src/test_b.c
LD test_b
Memory region         Used Size  Region Size  %age Used
             ram:       20672 B       128 KB     15.77%
16:24:46 **** Incremental Build of configuration Default for project test_b ****
make all 
make: Nothing to be done for 'all'.
16:40:04 **** Clean-only build of configuration Default for project test_b ****
make clean 
16:40:08 **** Build of configuration Default for project test_b ****
make all 
CC src/test_b.c
src/test_b.c: In function 'main':
src/test_b.c:77:23: error: expected ';' before 'bsp_printf'
     bsp_printf("\r\n")
                       ^
                       ;
src/test_b.c:82:5:
     bsp_printf("[TEST 1] UART Loopback Test\r\n");
     ~~~~~~~~~~         
make: *** [../common/standalone.mk:56: build/obj_files/test_b.o] Error 1
"make all" terminated with exit code 2. Build might be incomplete.
17:13:18 **** Clean-only build of configuration Default for project test_b ****
make clean 
17:13:22 **** Build of configuration Default for project test_b ****
make all 
CC src/test_b.c
CC src/test_b_OLD_uart_attempt.c
src/test_b_OLD_uart_attempt.c: In function 'main':
src/test_b_OLD_uart_attempt.c:77:23: error: expected ';' before 'bsp_printf'
     bsp_printf("\r\n")
                       ^
                       ;
src/test_b_OLD_uart_attempt.c:82:5:
     bsp_printf("[TEST 1] UART Loopback Test\r\n");
     ~~~~~~~~~~         
make: *** [../common/standalone.mk:56: build/obj_files/test_b_OLD_uart_attempt.o] Error 1
"make all" terminated with exit code 2. Build might be incomplete.
17:14:03 **** Incremental Build of configuration Default for project test_b ****
make all 
CC ../common/start.S
LD test_b
Memory region         Used Size  Region Size  %age Used
             ram:       19728 B       128 KB     15.05%
17:14:40 **** Incremental Build of configuration Default for project test_b ****
make all 
make: Nothing to be done for 'all'.
17:15:34 **** Incremental Build of configuration Default for project test_b ****
make all 
make: Nothing to be done for 'all'.
17:16:01 **** Incremental Build of configuration Default for project test_b ****
make all 
make: Nothing to be done for 'all'.
17:45:16 **** Clean-only build of configuration Default for project test_b ****
make clean 
17:45:20 **** Build of configuration Default for project test_b ****
make all 
CC src/test_b.c
CC ../common/start.S
LD test_b
Memory region         Used Size  Region Size  %age Used
             ram:       17232 B       128 KB     13.15%
17:45:24 **** Incremental Build of configuration Default for project test_b ****
make all 
make: Nothing to be done for 'all'.
18:33:06 **** Incremental Build of configuration Default for project test_b ****
make all 
CC src/test_b.c
LD test_b
Memory region         Used Size  Region Size  %age Used
             ram:       17264 B       128 KB     13.17%
18:33:18 **** Clean-only build of configuration Default for project test_b ****
make clean 
18:33:20 **** Build of configuration Default for project test_b ****
make all 
CC src/test_b.c
CC ../common/start.S
LD test_b
Memory region         Used Size  Region Size  %age Used
             ram:       17264 B       128 KB     13.17%
18:33:24 **** Incremental Build of configuration Default for project test_b ****
make all 
make: Nothing to be done for 'all'.
18:45:49 **** Incremental Build of configuration Default for project test_b ****
make all 
make: Nothing to be done for 'all'.
18:46:31 **** Incremental Build of configuration Default for project test_b ****
make all 
make: Nothing to be done for 'all'.
19:05:40 **** Clean-only build of configuration Default for project test_b ****
make clean 
19:05:44 **** Build of configuration Default for project test_b ****
make all 
CC src/test_b.c
CC ../common/start.S
LD test_b
Memory region         Used Size  Region Size  %age Used
             ram:       17264 B       128 KB     13.17%
19:05:48 **** Incremental Build of configuration Default for project test_b ****
make all 
make: Nothing to be done for 'all'.
19:45:11 **** Clean-only build of configuration Default for project test_b ****
make clean 
19:45:16 **** Build of configuration Default for project test_b ****
make all 
CC src/test_b.c
CC ../common/start.S
LD test_b
Memory region         Used Size  Region Size  %age Used
             ram:       17264 B       128 KB     13.17%
19:45:20 **** Incremental Build of configuration Default for project test_b ****
make all 
make: Nothing to be done for 'all'.
19:45:45 **** Incremental Build of configuration Default for project test_b ****
make all 
make: Nothing to be done for 'all'.
19:46:31 **** Incremental Build of configuration Default for project test_b ****
make all 
make: Nothing to be done for 'all'.
19:47:16 **** Clean-only build of configuration Default for project test_b ****
make clean 
19:47:21 **** Build of configuration Default for project test_b ****
make all 
CC src/test_b.c
CC ../common/start.S
LD test_b
Memory region         Used Size  Region Size  %age Used
             ram:       17328 B       128 KB     13.22%
19:47:25 **** Incremental Build of configuration Default for project test_b ****
make all 
make: Nothing to be done for 'all'.
19:48:10 **** Incremental Build of configuration Default for project test_b ****
make all 
make: Nothing to be done for 'all'.
19:49:27 **** Incremental Build of configuration Default for project test_b ****
make all 
make: Nothing to be done for 'all'.
19:50:06 **** Clean-only build of configuration Default for project test_b ****
make clean 
19:50:09 **** Build of configuration Default for project test_b ****
make all 
CC src/test_b.c
CC ../common/start.S
LD test_b
Memory region         Used Size  Region Size  %age Used
             ram:       17328 B       128 KB     13.22%
19:50:13 **** Incremental Build of configuration Default for project test_b ****
make all 
make: Nothing to be done for 'all'.
20:05:19 **** Clean-only build of configuration Default for project test_b ****
make clean 
20:05:21 **** Build of configuration Default for project test_b ****
make all 
CC src/test_b.c
CC ../common/start.S
LD test_b
Memory region         Used Size  Region Size  %age Used
             ram:       17328 B       128 KB     13.22%
20:16:40 **** Incremental Build of configuration Default for project test_b ****
make all 
make: Nothing to be done for 'all'.
20:18:13 **** Clean-only build of configuration Default for project test_b ****
make clean 
20:18:15 **** Build of configuration Default for project test_b ****
make all 
CC src/test_b.c
CC ../common/start.S
LD test_b
Memory region         Used Size  Region Size  %age Used
             ram:       17344 B       128 KB     13.23%
20:18:20 **** Incremental Build of configuration Default for project test_b ****
make all 
make: Nothing to be done for 'all'.
20:19:03 **** Incremental Build of configuration Default for project test_b ****
make all 
make: Nothing to be done for 'all'.
20:19:10 **** Incremental Build of configuration Default for project test_b ****
make all 
make: Nothing to be done for 'all'.
20:20:03 **** Incremental Build of configuration Default for project test_b ****
make all 
make: Nothing to be done for 'all'.
20:20:38 **** Incremental Build of configuration Default for project test_b ****
make all 
make: Nothing to be done for 'all'.
20:41:56 **** Clean-only build of configuration Default for project test_b ****
make clean 
20:42:00 **** Build of configuration Default for project test_b ****
make all 
CC src/test_b.c
CC ../common/start.S
LD test_b
Memory region         Used Size  Region Size  %age Used
             ram:       17344 B       128 KB     13.23%
20:49:41 **** Clean-only build of configuration Default for project test_b ****
make clean 
20:49:57 **** Build of configuration Default for project test_b ****
make all 
CC src/test_b.c
CC ../common/start.S
LD test_b
Memory region         Used Size  Region Size  %age Used
             ram:       17344 B       128 KB     13.23%
21:40:17 **** Clean-only build of configuration Default for project test_b ****
make clean 
21:40:22 **** Build of configuration Default for project test_b ****
make all 
CC src/test_b.c
CC ../common/start.S
LD test_b
Memory region         Used Size  Region Size  %age Used
             ram:       17344 B       128 KB     13.23%
22:14:14 **** Clean-only build of configuration Default for project test_b ****
make clean 
22:14:17 **** Build of configuration Default for project test_b ****
make all 
CC src/test_b.c
CC ../common/start.S
LD test_b
Memory region         Used Size  Region Size  %age Used
             ram:       17344 B       128 KB     13.23%
09:53:11 **** Clean-only build of configuration Default for project test_b ****
make clean 
09:53:14 **** Build of configuration Default for project test_b ****
make all 
CC src/test_b.c
CC ../common/start.S
LD test_b
Memory region         Used Size  Region Size  %age Used
             ram:         17 KB       128 KB     13.28%
09:58:32 **** Clean-only build of configuration Default for project test_b ****
make clean 
09:58:35 **** Build of configuration Default for project test_b ****
make all 
CC src/test_b.c
CC ../common/start.S
LD test_b
Memory region         Used Size  Region Size  %age Used
             ram:         17 KB       128 KB     13.28%
09:58:57 **** Incremental Build of configuration Default for project test_b ****
make all 
make: Nothing to be done for 'all'.
12:07:44 **** Clean-only build of configuration Default for project test_b ****
make clean 
12:07:55 **** Clean-only build of configuration Default for project test_b ****
make clean 
12:07:57 **** Build of configuration Default for project test_b ****
make all 
CC src/test_b.c
CC ../common/start.S
LD test_b
Memory region         Used Size  Region Size  %age Used
             ram:       21536 B       128 KB     16.43%
12:34:00 **** Clean-only build of configuration Default for project test_b ****
make clean 
12:34:02 **** Build of configuration Default for project test_b ****
make all 
CC src/test_b.c
CC ../common/start.S
LD test_b
Memory region         Used Size  Region Size  %age Used
             ram:       23024 B       128 KB     17.57%
12:53:13 **** Clean-only build of configuration Default for project test_b ****
make clean 
12:53:15 **** Build of configuration Default for project test_b ****
make all 
CC src/test_b.c
CC ../common/start.S
LD test_b
Memory region         Used Size  Region Size  %age Used
             ram:       23056 B       128 KB     17.59%
13:03:38 **** Clean-only build of configuration Default for project test_b ****
make clean 
13:03:41 **** Build of configuration Default for project test_b ****
make all 
CC src/test_b.c
CC ../common/start.S
LD test_b
Memory region         Used Size  Region Size  %age Used
             ram:       21056 B       128 KB     16.06%
13:04:07 **** Incremental Build of configuration Default for project test_b ****
make all 
make: Nothing to be done for 'all'.
13:04:32 **** Clean-only build of configuration Default for project test_b ****
make clean 
13:04:37 **** Build of configuration Default for project test_b ****
make all 
CC src/test_b.c
CC ../common/start.S
LD test_b
Memory region         Used Size  Region Size  %age Used
             ram:       21056 B       128 KB     16.06%
13:05:11 **** Incremental Build of configuration Default for project test_b ****
make all 
make: Nothing to be done for 'all'.
13:07:22 **** Incremental Build of configuration Default for project test_b ****
make all 
make: Nothing to be done for 'all'.
13:07:51 **** Incremental Build of configuration Default for project test_b ****
make all 
make: Nothing to be done for 'all'.
13:31:58 **** Clean-only build of configuration Default for project test_b ****
make clean 
13:32:01 **** Build of configuration Default for project test_b ****
make all 
CC src/test_b.c
CC ../common/start.S
LD test_b
Memory region         Used Size  Region Size  %age Used
             ram:       21056 B       128 KB     16.06%
13:45:27 **** Clean-only build of configuration Default for project test_b ****
make clean 
13:45:33 **** Build of configuration Default for project test_b ****
make all 
CC src/test_b.c
CC ../common/start.S
LD test_b
Memory region         Used Size  Region Size  %age Used
             ram:       21744 B       128 KB     16.59%
13:45:46 **** Incremental Build of configuration Default for project test_b ****
make all 
make: Nothing to be done for 'all'.
13:46:45 **** Incremental Build of configuration Default for project test_b ****
make all 
make: Nothing to be done for 'all'.
14:06:29 **** Clean-only build of configuration Default for project test_b ****
make clean 
14:06:33 **** Build of configuration Default for project test_b ****
make all 
CC src/test_b.c
CC ../common/start.S
LD test_b
Memory region         Used Size  Region Size  %age Used
             ram:       21744 B       128 KB     16.59%
14:06:55 **** Incremental Build of configuration Default for project test_b ****
make all 
make: Nothing to be done for 'all'.
14:07:57 **** Incremental Build of configuration Default for project test_b ****
make all 
make: Nothing to be done for 'all'.
14:10:33 **** Clean-only build of configuration Default for project test_b ****
make clean 
14:10:42 **** Clean-only build of configuration Default for project test_b ****
make clean 
14:10:45 **** Build of configuration Default for project test_b ****
make all 
CC src/test_b.c
CC ../common/start.S
LD test_b
Memory region         Used Size  Region Size  %age Used
             ram:       22256 B       128 KB     16.98%
14:10:51 **** Incremental Build of configuration Default for project test_b ****
make all 
make: Nothing to be done for 'all'.
14:15:33 **** Clean-only build of configuration Default for project test_b ****
make clean 
14:15:38 **** Build of configuration Default for project test_b ****
make all 
CC src/test_b.c
CC ../common/start.S
LD test_b
Memory region         Used Size  Region Size  %age Used
             ram:       23296 B       128 KB     17.77%
14:15:42 **** Incremental Build of configuration Default for project test_b ****
make all 
make: Nothing to be done for 'all'.
14:21:38 **** Clean-only build of configuration Default for project test_b ****
make clean 
14:21:43 **** Build of configuration Default for project test_b ****
make all 
CC src/test_b.c
CC ../common/start.S
LD test_b
Memory region         Used Size  Region Size  %age Used
             ram:       22128 B       128 KB     16.88%
14:22:00 **** Incremental Build of configuration Default for project test_b ****
make all 
make: Nothing to be done for 'all'.
14:24:59 **** Clean-only build of configuration Default for project test_b ****
make clean 
14:25:01 **** Build of configuration Default for project test_b ****
make all 
CC src/test_b.c
CC ../common/start.S
LD test_b
Memory region         Used Size  Region Size  %age Used
             ram:       22608 B       128 KB     17.25%
14:25:10 **** Incremental Build of configuration Default for project test_b ****
make all 
make: Nothing to be done for 'all'.
14:30:16 **** Clean-only build of configuration Default for project test_b ****
make clean 
14:30:19 **** Build of configuration Default for project test_b ****
make all 
CC src/test_b.c
CC ../common/start.S
LD test_b
Memory region         Used Size  Region Size  %age Used
             ram:       20944 B       128 KB     15.98%
14:30:24 **** Incremental Build of configuration Default for project test_b ****
make all 
make: Nothing to be done for 'all'.
14:32:39 **** Incremental Build of configuration Default for project test_b ****
make all 
make: Nothing to be done for 'all'.
14:34:06 **** Clean-only build of configuration Default for project test_b ****
make clean 
14:34:08 **** Build of configuration Default for project test_b ****
make all 
CC src/test_b.c
CC ../common/start.S
LD test_b
Memory region         Used Size  Region Size  %age Used
             ram:       20848 B       128 KB     15.91%
14:34:15 **** Incremental Build of configuration Default for project test_b ****
make all 
make: Nothing to be done for 'all'.
14:42:01 **** Clean-only build of configuration Default for project test_b ****
make clean 
14:42:04 **** Build of configuration Default for project test_b ****
make all 
CC src/test_b.c
CC ../common/start.S
LD test_b
Memory region         Used Size  Region Size  %age Used
             ram:       20352 B       128 KB     15.53%
14:47:07 **** Clean-only build of configuration Default for project test_b ****
make clean 
14:47:10 **** Build of configuration Default for project test_b ****
make all 
CC src/test_b.c
CC ../common/start.S
LD test_b
Memory region         Used Size  Region Size  %age Used
             ram:       20656 B       128 KB     15.76%
14:47:15 **** Incremental Build of configuration Default for project test_b ****
make all 
make: Nothing to be done for 'all'.
14:47:24 **** Incremental Build of configuration Default for project test_b ****
make all 
make: Nothing to be done for 'all'.
14:48:07 **** Incremental Build of configuration Default for project test_b ****
make all 
make: Nothing to be done for 'all'.
15:01:42 **** Clean-only build of configuration Default for project test_b ****
make clean 
15:01:45 **** Build of configuration Default for project test_b ****
make all 
CC src/test_b.c
CC ../common/start.S
LD test_b
Memory region         Used Size  Region Size  %age Used
             ram:       20656 B       128 KB     15.76%
15:02:21 **** Incremental Build of configuration Default for project test_b ****
make all 
make: Nothing to be done for 'all'.
15:05:30 **** Incremental Build of configuration Default for project test_b ****
make all 
make: Nothing to be done for 'all'.
15:18:28 **** Clean-only build of configuration Default for project test_b ****
make clean 
15:18:31 **** Build of configuration Default for project test_b ****
make all 
CC src/test_b.c
CC ../common/start.S
LD test_b
Memory region         Used Size  Region Size  %age Used
             ram:       20688 B       128 KB     15.78%
15:18:45 **** Incremental Build of configuration Default for project test_b ****
make all 
make: Nothing to be done for 'all'.
15:22:43 **** Incremental Build of configuration Default for project test_b ****
make all 
make: Nothing to be done for 'all'.
15:24:30 **** Incremental Build of configuration Default for project test_b ****
make all 
make: Nothing to be done for 'all'.
15:29:12 **** Incremental Build of configuration Default for project test_b ****
make all 
make: Nothing to be done for 'all'.
17:18:45 **** Clean-only build of configuration Default for project test_b ****
make clean 
17:18:47 **** Build of configuration Default for project test_b ****
make all 
CC src/test_b.c
CC ../common/start.S
LD test_b
Memory region         Used Size  Region Size  %age Used
             ram:       20688 B       128 KB     15.78%
17:40:12 **** Clean-only build of configuration Default for project test_b ****
make clean 
17:40:57 **** Build of configuration Default for project test_b ****
make all 
CC src/test_b.c
CC ../common/start.S
LD test_b
Memory region         Used Size  Region Size  %age Used
             ram:       20688 B       128 KB     15.78%
17:52:02 **** Incremental Build of configuration Default for project test_b ****
make all 
CC src/test_b.c
LD test_b
Memory region         Used Size  Region Size  %age Used
             ram:       21312 B       128 KB     16.26%
17:52:13 **** Clean-only build of configuration Default for project test_b ****
make clean 
17:52:15 **** Build of configuration Default for project test_b ****
make all 
CC src/test_b.c
CC ../common/start.S
LD test_b
Memory region         Used Size  Region Size  %age Used
             ram:       21312 B       128 KB     16.26%
17:52:29 **** Incremental Build of configuration Default for project test_b ****
make all 
make: Nothing to be done for 'all'.
17:57:24 **** Clean-only build of configuration Default for project test_b ****
make clean 
17:57:28 **** Build of configuration Default for project test_b ****
make all 
CC src/test_b.c
CC ../common/start.S
LD test_b
Memory region         Used Size  Region Size  %age Used
             ram:       21440 B       128 KB     16.36%
17:57:33 **** Incremental Build of configuration Default for project test_b ****
make all 
make: Nothing to be done for 'all'.
18:01:39 **** Incremental Build of configuration Default for project test_b ****
make all 
make: Nothing to be done for 'all'.
18:20:42 **** Clean-only build of configuration Default for project test_b ****
make clean 
18:20:44 **** Build of configuration Default for project test_b ****
make all 
CC src/test_b.c
CC ../common/start.S
LD test_b
Memory region         Used Size  Region Size  %age Used
             ram:       22112 B       128 KB     16.87%
18:20:56 **** Incremental Build of configuration Default for project test_b ****
make all 
make: Nothing to be done for 'all'.
19:09:41 **** Clean-only build of configuration Default for project test_b ****
make clean 
19:09:44 **** Build of configuration Default for project test_b ****
make all 
CC src/test_b.c
CC ../common/start.S
LD test_b
Memory region         Used Size  Region Size  %age Used
             ram:       22272 B       128 KB     16.99%
20:36:22 **** Clean-only build of configuration Default for project test_b ****
make clean 
20:36:25 **** Build of configuration Default for project test_b ****
make all 
CC src/test_b.c
CC ../common/start.S
LD test_b
Memory region         Used Size  Region Size  %age Used
             ram:       22560 B       128 KB     17.21%
21:14:21 **** Clean-only build of configuration Default for project test_b ****
make clean 
21:14:23 **** Build of configuration Default for project test_b ****
make all 
CC src/test_b.c
CC ../common/start.S
LD test_b
Memory region         Used Size  Region Size  %age Used
             ram:       22560 B       128 KB     17.21%
21:05:49 **** Clean-only build of configuration Default for project test_b ****
make clean 
21:05:52 **** Build of configuration Default for project test_b ****
make all 
CC src/test_1g_udp.c
CC src/test_b.c
CC ../common/start.S
LD test_b
Memory region         Used Size  Region Size  %age Used
/home/olle/efinity/efinity-riscv-ide-2025.1/toolchain/bin/../lib/gcc/riscv-none-embed/8.3.0/../../../../riscv-none-embed/bin/ld: build/obj_files/test_b.o: in function `write_u32':
             ram:       28992 B       128 KB     22.12%
/home/olle/efinity_p2/BRAM/T120F324_A/embedded_sw/RISC_mini/software/standalone/test_b//../driver/io.h:38: multiple definition of `led_on'; build/obj_files/test_1g_udp.o:/home/olle/efinity_p2/BRAM/T120F324_A/embedded_sw/RISC_mini/software/standalone/test_b//../driver/io.h:38: first defined here
/home/olle/efinity/efinity-riscv-ide-2025.1/toolchain/bin/../lib/gcc/riscv-none-embed/8.3.0/../../../../riscv-none-embed/bin/ld: build/obj_files/test_b.o: in function `write_u32':
/home/olle/efinity_p2/BRAM/T120F324_A/embedded_sw/RISC_mini/software/standalone/test_b//../driver/io.h:38: multiple definition of `led_off'; build/obj_files/test_1g_udp.o:/home/olle/efinity_p2/BRAM/T120F324_A/embedded_sw/RISC_mini/software/standalone/test_b//../driver/io.h:38: first defined here
/home/olle/efinity/efinity-riscv-ide-2025.1/toolchain/bin/../lib/gcc/riscv-none-embed/8.3.0/../../../../riscv-none-embed/bin/ld: build/obj_files/test_b.o: in function `led_pulse':
/home/olle/efinity_p2/BRAM/T120F324_A/embedded_sw/RISC_mini/software/standalone/test_b//src/test_b.c:16: multiple definition of `led_pulse'; build/obj_files/test_1g_udp.o:/home/olle/efinity_p2/BRAM/T120F324_A/embedded_sw/RISC_mini/software/standalone/test_b//src/test_1g_udp.c:58: first defined here
/home/olle/efinity/efinity-riscv-ide-2025.1/toolchain/bin/../lib/gcc/riscv-none-embed/8.3.0/../../../../riscv-none-embed/bin/ld: build/obj_files/test_b.o: in function `uart_drain':
/home/olle/efinity_p2/BRAM/T120F324_A/embedded_sw/RISC_mini/software/standalone/test_b//src/test_b.c:24: multiple definition of `uart_drain'; build/obj_files/test_1g_udp.o:/home/olle/efinity_p2/BRAM/T120F324_A/embedded_sw/RISC_mini/software/standalone/test_b//src/test_1g_udp.c:65: first defined here
/home/olle/efinity/efinity-riscv-ide-2025.1/toolchain/bin/../lib/gcc/riscv-none-embed/8.3.0/../../../../riscv-none-embed/bin/ld: build/obj_files/test_b.o: in function `uart_mini_tx_string':
/home/olle/efinity_p2/BRAM/T120F324_A/embedded_sw/RISC_mini/software/standalone/test_b//../../../bsp/efinix/EfxSapphireSoc/include/uart_mini_driver.h:145: multiple definition of `print'; build/obj_files/test_1g_udp.o:/home/olle/efinity_p2/BRAM/T120F324_A/embedded_sw/RISC_mini/software/standalone/test_b//../../../bsp/efinix/EfxSapphireSoc/include/uart_mini_driver.h:145: first defined here
/home/olle/efinity/efinity-riscv-ide-2025.1/toolchain/bin/../lib/gcc/riscv-none-embed/8.3.0/../../../../riscv-none-embed/bin/ld: build/obj_files/test_b.o: in function `println':
/home/olle/efinity_p2/BRAM/T120F324_A/embedded_sw/RISC_mini/software/standalone/test_b//src/test_b.c:33: multiple definition of `println'; build/obj_files/test_1g_udp.o:/home/olle/efinity_p2/BRAM/T120F324_A/embedded_sw/RISC_mini/software/standalone/test_b//src/test_1g_udp.c:71: first defined here
/home/olle/efinity/efinity-riscv-ide-2025.1/toolchain/bin/../lib/gcc/riscv-none-embed/8.3.0/../../../../riscv-none-embed/bin/ld: build/obj_files/test_b.o: in function `print_hex16':
/home/olle/efinity_p2/BRAM/T120F324_A/embedded_sw/RISC_mini/software/standalone/test_b//src/test_b.c:34: multiple definition of `print_hex16'; build/obj_files/test_1g_udp.o:/home/olle/efinity_p2/BRAM/T120F324_A/embedded_sw/RISC_mini/software/standalone/test_b//src/test_1g_udp.c:72: first defined here
/home/olle/efinity/efinity-riscv-ide-2025.1/toolchain/bin/../lib/gcc/riscv-none-embed/8.3.0/../../../../riscv-none-embed/bin/ld: build/obj_files/test_b.o: in function `mdio_write_reg':
/home/olle/efinity_p2/BRAM/T120F324_A/embedded_sw/RISC_mini/software/standalone/test_b//../../../bsp/efinix/EfxSapphireSoc/include/mdio_driver.h:78: multiple definition of `bmsr_read'; build/obj_files/test_1g_udp.o:/home/olle/efinity_p2/BRAM/T120F324_A/embedded_sw/RISC_mini/software/standalone/test_b//../../../bsp/efinix/EfxSapphireSoc/include/mdio_driver.h:78: first defined here
/home/olle/efinity/efinity-riscv-ide-2025.1/toolchain/bin/../lib/gcc/riscv-none-embed/8.3.0/../../../../riscv-none-embed/bin/ld: build/obj_files/test_b.o: in function `rtl_physr':
/home/olle/efinity_p2/BRAM/T120F324_A/embedded_sw/RISC_mini/software/standalone/test_b//src/test_b.c:46: multiple definition of `rtl_physr'; build/obj_files/test_1g_udp.o:/home/olle/efinity_p2/BRAM/T120F324_A/embedded_sw/RISC_mini/software/standalone/test_b//src/test_1g_udp.c:87: first defined here
/home/olle/efinity/efinity-riscv-ide-2025.1/toolchain/bin/../lib/gcc/riscv-none-embed/8.3.0/../../../../riscv-none-embed/bin/ld: build/obj_files/test_b.o: in function `main':
/home/olle/efinity_p2/BRAM/T120F324_A/embedded_sw/RISC_mini/software/standalone/test_b//src/test_b.c:64: multiple definition of `main'; build/obj_files/test_1g_udp.o:/home/olle/efinity_p2/BRAM/T120F324_A/embedded_sw/RISC_mini/software/standalone/test_b//src/test_1g_udp.c:212: first defined here
/home/olle/efinity/efinity-riscv-ide-2025.1/toolchain/bin/../lib/gcc/riscv-none-embed/8.3.0/../../../../riscv-none-embed/bin/ld: build/obj_files/test_b.o: in function `trap':
/home/olle/efinity_p2/BRAM/T120F324_A/embedded_sw/RISC_mini/software/standalone/test_b//src/test_b.c:321: multiple definition of `trap'; build/obj_files/test_1g_udp.o:/home/olle/efinity_p2/BRAM/T120F324_A/embedded_sw/RISC_mini/software/standalone/test_b//src/test_1g_udp.c:380: first defined here
collect2: error: ld returned 1 exit status
make: *** [../common/standalone.mk:31: build/test_b.elf] Error 1
"make all" terminated with exit code 2. Build might be incomplete.
21:08:26 **** Clean-only build of configuration Default for project test_b ****
make clean 
21:08:28 **** Build of configuration Default for project test_b ****
make all 
CC src/test_1g_udp.c
CC src/test_b.c
CC ../common/start.S
LD test_b
Memory region         Used Size  Region Size  %age Used
/home/olle/efinity/efinity-riscv-ide-2025.1/toolchain/bin/../lib/gcc/riscv-none-embed/8.3.0/../../../../riscv-none-embed/bin/ld: build/obj_files/test_b.o: in function `write_u32':
/home/olle/efinity_p2/BRAM/T120F324_A/embedded_sw/RISC_mini/software/standalone/test_b//../driver/io.h:38: multiple definition of `led_on'; build/obj_files/test_1g_udp.o:/home/olle/efinity_p2/BRAM/T120F324_A/embedded_sw/RISC_mini/software/standalone/test_b//../driver/io.h:38: first defined here
             ram:       28992 B       128 KB     22.12%
/home/olle/efinity/efinity-riscv-ide-2025.1/toolchain/bin/../lib/gcc/riscv-none-embed/8.3.0/../../../../riscv-none-embed/bin/ld: build/obj_files/test_b.o: in function `write_u32':
/home/olle/efinity_p2/BRAM/T120F324_A/embedded_sw/RISC_mini/software/standalone/test_b//../driver/io.h:38: multiple definition of `led_off'; build/obj_files/test_1g_udp.o:/home/olle/efinity_p2/BRAM/T120F324_A/embedded_sw/RISC_mini/software/standalone/test_b//../driver/io.h:38: first defined here
/home/olle/efinity/efinity-riscv-ide-2025.1/toolchain/bin/../lib/gcc/riscv-none-embed/8.3.0/../../../../riscv-none-embed/bin/ld: build/obj_files/test_b.o: in function `led_pulse':
/home/olle/efinity_p2/BRAM/T120F324_A/embedded_sw/RISC_mini/software/standalone/test_b//src/test_b.c:16: multiple definition of `led_pulse'; build/obj_files/test_1g_udp.o:/home/olle/efinity_p2/BRAM/T120F324_A/embedded_sw/RISC_mini/software/standalone/test_b//src/test_1g_udp.c:58: first defined here
/home/olle/efinity/efinity-riscv-ide-2025.1/toolchain/bin/../lib/gcc/riscv-none-embed/8.3.0/../../../../riscv-none-embed/bin/ld: build/obj_files/test_b.o: in function `uart_drain':
/home/olle/efinity_p2/BRAM/T120F324_A/embedded_sw/RISC_mini/software/standalone/test_b//src/test_b.c:24: multiple definition of `uart_drain'; build/obj_files/test_1g_udp.o:/home/olle/efinity_p2/BRAM/T120F324_A/embedded_sw/RISC_mini/software/standalone/test_b//src/test_1g_udp.c:65: first defined here
/home/olle/efinity/efinity-riscv-ide-2025.1/toolchain/bin/../lib/gcc/riscv-none-embed/8.3.0/../../../../riscv-none-embed/bin/ld: build/obj_files/test_b.o: in function `uart_mini_tx_string':
/home/olle/efinity_p2/BRAM/T120F324_A/embedded_sw/RISC_mini/software/standalone/test_b//../../../bsp/efinix/EfxSapphireSoc/include/uart_mini_driver.h:145: multiple definition of `print'; build/obj_files/test_1g_udp.o:/home/olle/efinity_p2/BRAM/T120F324_A/embedded_sw/RISC_mini/software/standalone/test_b//../../../bsp/efinix/EfxSapphireSoc/include/uart_mini_driver.h:145: first defined here
/home/olle/efinity/efinity-riscv-ide-2025.1/toolchain/bin/../lib/gcc/riscv-none-embed/8.3.0/../../../../riscv-none-embed/bin/ld: build/obj_files/test_b.o: in function `println':
/home/olle/efinity_p2/BRAM/T120F324_A/embedded_sw/RISC_mini/software/standalone/test_b//src/test_b.c:33: multiple definition of `println'; build/obj_files/test_1g_udp.o:/home/olle/efinity_p2/BRAM/T120F324_A/embedded_sw/RISC_mini/software/standalone/test_b//src/test_1g_udp.c:71: first defined here
/home/olle/efinity/efinity-riscv-ide-2025.1/toolchain/bin/../lib/gcc/riscv-none-embed/8.3.0/../../../../riscv-none-embed/bin/ld: build/obj_files/test_b.o: in function `print_hex16':
/home/olle/efinity_p2/BRAM/T120F324_A/embedded_sw/RISC_mini/software/standalone/test_b//src/test_b.c:34: multiple definition of `print_hex16'; build/obj_files/test_1g_udp.o:/home/olle/efinity_p2/BRAM/T120F324_A/embedded_sw/RISC_mini/software/standalone/test_b//src/test_1g_udp.c:72: first defined here
/home/olle/efinity/efinity-riscv-ide-2025.1/toolchain/bin/../lib/gcc/riscv-none-embed/8.3.0/../../../../riscv-none-embed/bin/ld: build/obj_files/test_b.o: in function `mdio_write_reg':
/home/olle/efinity_p2/BRAM/T120F324_A/embedded_sw/RISC_mini/software/standalone/test_b//../../../bsp/efinix/EfxSapphireSoc/include/mdio_driver.h:78: multiple definition of `bmsr_read'; build/obj_files/test_1g_udp.o:/home/olle/efinity_p2/BRAM/T120F324_A/embedded_sw/RISC_mini/software/standalone/test_b//../../../bsp/efinix/EfxSapphireSoc/include/mdio_driver.h:78: first defined here
/home/olle/efinity/efinity-riscv-ide-2025.1/toolchain/bin/../lib/gcc/riscv-none-embed/8.3.0/../../../../riscv-none-embed/bin/ld: build/obj_files/test_b.o: in function `rtl_physr':
/home/olle/efinity_p2/BRAM/T120F324_A/embedded_sw/RISC_mini/software/standalone/test_b//src/test_b.c:46: multiple definition of `rtl_physr'; build/obj_files/test_1g_udp.o:/home/olle/efinity_p2/BRAM/T120F324_A/embedded_sw/RISC_mini/software/standalone/test_b//src/test_1g_udp.c:87: first defined here
/home/olle/efinity/efinity-riscv-ide-2025.1/toolchain/bin/../lib/gcc/riscv-none-embed/8.3.0/../../../../riscv-none-embed/bin/ld: build/obj_files/test_b.o: in function `main':
/home/olle/efinity_p2/BRAM/T120F324_A/embedded_sw/RISC_mini/software/standalone/test_b//src/test_b.c:64: multiple definition of `main'; build/obj_files/test_1g_udp.o:/home/olle/efinity_p2/BRAM/T120F324_A/embedded_sw/RISC_mini/software/standalone/test_b//src/test_1g_udp.c:212: first defined here
/home/olle/efinity/efinity-riscv-ide-2025.1/toolchain/bin/../lib/gcc/riscv-none-embed/8.3.0/../../../../riscv-none-embed/bin/ld: build/obj_files/test_b.o: in function `trap':
/home/olle/efinity_p2/BRAM/T120F324_A/embedded_sw/RISC_mini/software/standalone/test_b//src/test_b.c:321: multiple definition of `trap'; build/obj_files/test_1g_udp.o:/home/olle/efinity_p2/BRAM/T120F324_A/embedded_sw/RISC_mini/software/standalone/test_b//src/test_1g_udp.c:380: first defined here
collect2: error: ld returned 1 exit status
make: *** [../common/standalone.mk:31: build/test_b.elf] Error 1
"make all" terminated with exit code 2. Build might be incomplete.
21:08:38 **** Clean-only build of configuration Default for project test_b ****
make clean 
21:08:42 **** Build of configuration Default for project test_b ****
make all 
CC src/test_1g_udp.c
CC src/test_b.c
CC ../common/start.S
LD test_b
Memory region         Used Size  Region Size  %age Used
/home/olle/efinity/efinity-riscv-ide-2025.1/toolchain/bin/../lib/gcc/riscv-none-embed/8.3.0/../../../../riscv-none-embed/bin/ld: build/obj_files/test_b.o: in function `write_u32':
             ram:       28992 B       128 KB     22.12%
/home/olle/efinity_p2/BRAM/T120F324_A/embedded_sw/RISC_mini/software/standalone/test_b//../driver/io.h:38: multiple definition of `led_on'; build/obj_files/test_1g_udp.o:/home/olle/efinity_p2/BRAM/T120F324_A/embedded_sw/RISC_mini/software/standalone/test_b//../driver/io.h:38: first defined here
/home/olle/efinity/efinity-riscv-ide-2025.1/toolchain/bin/../lib/gcc/riscv-none-embed/8.3.0/../../../../riscv-none-embed/bin/ld: build/obj_files/test_b.o: in function `write_u32':
/home/olle/efinity_p2/BRAM/T120F324_A/embedded_sw/RISC_mini/software/standalone/test_b//../driver/io.h:38: multiple definition of `led_off'; build/obj_files/test_1g_udp.o:/home/olle/efinity_p2/BRAM/T120F324_A/embedded_sw/RISC_mini/software/standalone/test_b//../driver/io.h:38: first defined here
/home/olle/efinity/efinity-riscv-ide-2025.1/toolchain/bin/../lib/gcc/riscv-none-embed/8.3.0/../../../../riscv-none-embed/bin/ld: build/obj_files/test_b.o: in function `led_pulse':
/home/olle/efinity_p2/BRAM/T120F324_A/embedded_sw/RISC_mini/software/standalone/test_b//src/test_b.c:16: multiple definition of `led_pulse'; build/obj_files/test_1g_udp.o:/home/olle/efinity_p2/BRAM/T120F324_A/embedded_sw/RISC_mini/software/standalone/test_b//src/test_1g_udp.c:58: first defined here
/home/olle/efinity/efinity-riscv-ide-2025.1/toolchain/bin/../lib/gcc/riscv-none-embed/8.3.0/../../../../riscv-none-embed/bin/ld: build/obj_files/test_b.o: in function `uart_drain':
/home/olle/efinity_p2/BRAM/T120F324_A/embedded_sw/RISC_mini/software/standalone/test_b//src/test_b.c:24: multiple definition of `uart_drain'; build/obj_files/test_1g_udp.o:/home/olle/efinity_p2/BRAM/T120F324_A/embedded_sw/RISC_mini/software/standalone/test_b//src/test_1g_udp.c:65: first defined here
/home/olle/efinity/efinity-riscv-ide-2025.1/toolchain/bin/../lib/gcc/riscv-none-embed/8.3.0/../../../../riscv-none-embed/bin/ld: build/obj_files/test_b.o: in function `uart_mini_tx_string':
/home/olle/efinity_p2/BRAM/T120F324_A/embedded_sw/RISC_mini/software/standalone/test_b//../../../bsp/efinix/EfxSapphireSoc/include/uart_mini_driver.h:145: multiple definition of `print'; build/obj_files/test_1g_udp.o:/home/olle/efinity_p2/BRAM/T120F324_A/embedded_sw/RISC_mini/software/standalone/test_b//../../../bsp/efinix/EfxSapphireSoc/include/uart_mini_driver.h:145: first defined here
/home/olle/efinity/efinity-riscv-ide-2025.1/toolchain/bin/../lib/gcc/riscv-none-embed/8.3.0/../../../../riscv-none-embed/bin/ld: build/obj_files/test_b.o: in function `println':
/home/olle/efinity_p2/BRAM/T120F324_A/embedded_sw/RISC_mini/software/standalone/test_b//src/test_b.c:33: multiple definition of `println'; build/obj_files/test_1g_udp.o:/home/olle/efinity_p2/BRAM/T120F324_A/embedded_sw/RISC_mini/software/standalone/test_b//src/test_1g_udp.c:71: first defined here
/home/olle/efinity/efinity-riscv-ide-2025.1/toolchain/bin/../lib/gcc/riscv-none-embed/8.3.0/../../../../riscv-none-embed/bin/ld: build/obj_files/test_b.o: in function `print_hex16':
/home/olle/efinity_p2/BRAM/T120F324_A/embedded_sw/RISC_mini/software/standalone/test_b//src/test_b.c:34: multiple definition of `print_hex16'; build/obj_files/test_1g_udp.o:/home/olle/efinity_p2/BRAM/T120F324_A/embedded_sw/RISC_mini/software/standalone/test_b//src/test_1g_udp.c:72: first defined here
/home/olle/efinity/efinity-riscv-ide-2025.1/toolchain/bin/../lib/gcc/riscv-none-embed/8.3.0/../../../../riscv-none-embed/bin/ld: build/obj_files/test_b.o: in function `mdio_write_reg':
/home/olle/efinity_p2/BRAM/T120F324_A/embedded_sw/RISC_mini/software/standalone/test_b//../../../bsp/efinix/EfxSapphireSoc/include/mdio_driver.h:78: multiple definition of `bmsr_read'; build/obj_files/test_1g_udp.o:/home/olle/efinity_p2/BRAM/T120F324_A/embedded_sw/RISC_mini/software/standalone/test_b//../../../bsp/efinix/EfxSapphireSoc/include/mdio_driver.h:78: first defined here
/home/olle/efinity/efinity-riscv-ide-2025.1/toolchain/bin/../lib/gcc/riscv-none-embed/8.3.0/../../../../riscv-none-embed/bin/ld: build/obj_files/test_b.o: in function `rtl_physr':
/home/olle/efinity_p2/BRAM/T120F324_A/embedded_sw/RISC_mini/software/standalone/test_b//src/test_b.c:46: multiple definition of `rtl_physr'; build/obj_files/test_1g_udp.o:/home/olle/efinity_p2/BRAM/T120F324_A/embedded_sw/RISC_mini/software/standalone/test_b//src/test_1g_udp.c:87: first defined here
/home/olle/efinity/efinity-riscv-ide-2025.1/toolchain/bin/../lib/gcc/riscv-none-embed/8.3.0/../../../../riscv-none-embed/bin/ld: build/obj_files/test_b.o: in function `main':
/home/olle/efinity_p2/BRAM/T120F324_A/embedded_sw/RISC_mini/software/standalone/test_b//src/test_b.c:64: multiple definition of `main'; build/obj_files/test_1g_udp.o:/home/olle/efinity_p2/BRAM/T120F324_A/embedded_sw/RISC_mini/software/standalone/test_b//src/test_1g_udp.c:212: first defined here
/home/olle/efinity/efinity-riscv-ide-2025.1/toolchain/bin/../lib/gcc/riscv-none-embed/8.3.0/../../../../riscv-none-embed/bin/ld: build/obj_files/test_b.o: in function `trap':
/home/olle/efinity_p2/BRAM/T120F324_A/embedded_sw/RISC_mini/software/standalone/test_b//src/test_b.c:321: multiple definition of `trap'; build/obj_files/test_1g_udp.o:/home/olle/efinity_p2/BRAM/T120F324_A/embedded_sw/RISC_mini/software/standalone/test_b//src/test_1g_udp.c:380: first defined here
collect2: error: ld returned 1 exit status
make: *** [../common/standalone.mk:31: build/test_b.elf] Error 1
"make all" terminated with exit code 2. Build might be incomplete.
21:09:27 **** Clean-only build of configuration Default for project test_b ****
make clean 
21:09:33 **** Build of configuration Default for project test_b ****
make all 
CC src/test_1g_udp.c
CC src/test_b.c
CC ../common/start.S
LD test_b
Memory region         Used Size  Region Size  %age Used
/home/olle/efinity/efinity-riscv-ide-2025.1/toolchain/bin/../lib/gcc/riscv-none-embed/8.3.0/../../../../riscv-none-embed/bin/ld: build/obj_files/test_b.o: in function `write_u32':
/home/olle/efinity_p2/BRAM/T120F324_A/embedded_sw/RISC_mini/software/standalone/test_b//../driver/io.h:38: multiple definition of `led_on'; build/obj_files/test_1g_udp.o:/home/olle/efinity_p2/BRAM/T120F324_A/embedded_sw/RISC_mini/software/standalone/test_b//../driver/io.h:38: first defined here
             ram:       28992 B       128 KB     22.12%
/home/olle/efinity/efinity-riscv-ide-2025.1/toolchain/bin/../lib/gcc/riscv-none-embed/8.3.0/../../../../riscv-none-embed/bin/ld: build/obj_files/test_b.o: in function `write_u32':
/home/olle/efinity_p2/BRAM/T120F324_A/embedded_sw/RISC_mini/software/standalone/test_b//../driver/io.h:38: multiple definition of `led_off'; build/obj_files/test_1g_udp.o:/home/olle/efinity_p2/BRAM/T120F324_A/embedded_sw/RISC_mini/software/standalone/test_b//../driver/io.h:38: first defined here
/home/olle/efinity/efinity-riscv-ide-2025.1/toolchain/bin/../lib/gcc/riscv-none-embed/8.3.0/../../../../riscv-none-embed/bin/ld: build/obj_files/test_b.o: in function `led_pulse':
/home/olle/efinity_p2/BRAM/T120F324_A/embedded_sw/RISC_mini/software/standalone/test_b//src/test_b.c:16: multiple definition of `led_pulse'; build/obj_files/test_1g_udp.o:/home/olle/efinity_p2/BRAM/T120F324_A/embedded_sw/RISC_mini/software/standalone/test_b//src/test_1g_udp.c:58: first defined here
/home/olle/efinity/efinity-riscv-ide-2025.1/toolchain/bin/../lib/gcc/riscv-none-embed/8.3.0/../../../../riscv-none-embed/bin/ld: build/obj_files/test_b.o: in function `uart_drain':
/home/olle/efinity_p2/BRAM/T120F324_A/embedded_sw/RISC_mini/software/standalone/test_b//src/test_b.c:24: multiple definition of `uart_drain'; build/obj_files/test_1g_udp.o:/home/olle/efinity_p2/BRAM/T120F324_A/embedded_sw/RISC_mini/software/standalone/test_b//src/test_1g_udp.c:65: first defined here
/home/olle/efinity/efinity-riscv-ide-2025.1/toolchain/bin/../lib/gcc/riscv-none-embed/8.3.0/../../../../riscv-none-embed/bin/ld: build/obj_files/test_b.o: in function `uart_mini_tx_string':
/home/olle/efinity_p2/BRAM/T120F324_A/embedded_sw/RISC_mini/software/standalone/test_b//../../../bsp/efinix/EfxSapphireSoc/include/uart_mini_driver.h:145: multiple definition of `print'; build/obj_files/test_1g_udp.o:/home/olle/efinity_p2/BRAM/T120F324_A/embedded_sw/RISC_mini/software/standalone/test_b//../../../bsp/efinix/EfxSapphireSoc/include/uart_mini_driver.h:145: first defined here
/home/olle/efinity/efinity-riscv-ide-2025.1/toolchain/bin/../lib/gcc/riscv-none-embed/8.3.0/../../../../riscv-none-embed/bin/ld: build/obj_files/test_b.o: in function `println':
/home/olle/efinity_p2/BRAM/T120F324_A/embedded_sw/RISC_mini/software/standalone/test_b//src/test_b.c:33: multiple definition of `println'; build/obj_files/test_1g_udp.o:/home/olle/efinity_p2/BRAM/T120F324_A/embedded_sw/RISC_mini/software/standalone/test_b//src/test_1g_udp.c:71: first defined here
/home/olle/efinity/efinity-riscv-ide-2025.1/toolchain/bin/../lib/gcc/riscv-none-embed/8.3.0/../../../../riscv-none-embed/bin/ld: build/obj_files/test_b.o: in function `print_hex16':
/home/olle/efinity_p2/BRAM/T120F324_A/embedded_sw/RISC_mini/software/standalone/test_b//src/test_b.c:34: multiple definition of `print_hex16'; build/obj_files/test_1g_udp.o:/home/olle/efinity_p2/BRAM/T120F324_A/embedded_sw/RISC_mini/software/standalone/test_b//src/test_1g_udp.c:72: first defined here
/home/olle/efinity/efinity-riscv-ide-2025.1/toolchain/bin/../lib/gcc/riscv-none-embed/8.3.0/../../../../riscv-none-embed/bin/ld: build/obj_files/test_b.o: in function `mdio_write_reg':
/home/olle/efinity_p2/BRAM/T120F324_A/embedded_sw/RISC_mini/software/standalone/test_b//../../../bsp/efinix/EfxSapphireSoc/include/mdio_driver.h:78: multiple definition of `bmsr_read'; build/obj_files/test_1g_udp.o:/home/olle/efinity_p2/BRAM/T120F324_A/embedded_sw/RISC_mini/software/standalone/test_b//../../../bsp/efinix/EfxSapphireSoc/include/mdio_driver.h:78: first defined here
/home/olle/efinity/efinity-riscv-ide-2025.1/toolchain/bin/../lib/gcc/riscv-none-embed/8.3.0/../../../../riscv-none-embed/bin/ld: build/obj_files/test_b.o: in function `rtl_physr':
/home/olle/efinity_p2/BRAM/T120F324_A/embedded_sw/RISC_mini/software/standalone/test_b//src/test_b.c:46: multiple definition of `rtl_physr'; build/obj_files/test_1g_udp.o:/home/olle/efinity_p2/BRAM/T120F324_A/embedded_sw/RISC_mini/software/standalone/test_b//src/test_1g_udp.c:87: first defined here
/home/olle/efinity/efinity-riscv-ide-2025.1/toolchain/bin/../lib/gcc/riscv-none-embed/8.3.0/../../../../riscv-none-embed/bin/ld: build/obj_files/test_b.o: in function `main':
/home/olle/efinity_p2/BRAM/T120F324_A/embedded_sw/RISC_mini/software/standalone/test_b//src/test_b.c:64: multiple definition of `main'; build/obj_files/test_1g_udp.o:/home/olle/efinity_p2/BRAM/T120F324_A/embedded_sw/RISC_mini/software/standalone/test_b//src/test_1g_udp.c:212: first defined here
/home/olle/efinity/efinity-riscv-ide-2025.1/toolchain/bin/../lib/gcc/riscv-none-embed/8.3.0/../../../../riscv-none-embed/bin/ld: build/obj_files/test_b.o: in function `trap':
/home/olle/efinity_p2/BRAM/T120F324_A/embedded_sw/RISC_mini/software/standalone/test_b//src/test_b.c:321: multiple definition of `trap'; build/obj_files/test_1g_udp.o:/home/olle/efinity_p2/BRAM/T120F324_A/embedded_sw/RISC_mini/software/standalone/test_b//src/test_1g_udp.c:380: first defined here
collect2: error: ld returned 1 exit status
make: *** [../common/standalone.mk:31: build/test_b.elf] Error 1
"make all" terminated with exit code 2. Build might be incomplete.
21:10:31 **** Clean-only build of configuration Default for project test_b ****
make clean 
21:10:35 **** Build of configuration Default for project test_b ****
make all 
CC src/test_1g_udp.c
CC ../common/start.S
LD test_b
Memory region         Used Size  Region Size  %age Used
             ram:       23232 B       128 KB     17.72%
21:18:15 **** Incremental Build of configuration Default for project test_b ****
make all 
make: Nothing to be done for 'all'.
21:57:37 **** Clean-only build of configuration Default for project test_b ****
make clean 
21:57:41 **** Build of configuration Default for project test_b ****
make all 
CC src/test_1g_udp.c
CC ../common/start.S
LD test_b
Memory region         Used Size  Region Size  %age Used
             ram:       23744 B       128 KB     18.12%
22:22:13 **** Clean-only build of configuration Default for project test_b ****
make clean 
22:22:18 **** Build of configuration Default for project test_b ****
make all 
CC src/test_1g_udp.c
CC ../common/start.S
LD test_b
Memory region         Used Size  Region Size  %age Used
             ram:       23312 B       128 KB     17.79%
22:25:10 **** Incremental Build of configuration Default for project test_b ****
make all 
make: Nothing to be done for 'all'.
22:26:10 **** Incremental Build of configuration Default for project test_b ****
make all 
make: Nothing to be done for 'all'.
22:26:34 **** Incremental Build of configuration Default for project test_b ****
make all 
make: Nothing to be done for 'all'.
